<html>
<body>
<pre>
<h1>µVision Build Log</h1>
<h2>Tool Versions:</h2>
IDE-Version: ¦ÌVision V5.39.0.0
Copyright (C) 2023 ARM Ltd and ARM Germany GmbH. All rights reserved.
License Information: Erwin 1973609350@qq.com, xxx, LIC=MPPLD-8JJNS-BS5YX-HYVJU-UFX8X-QUIUW
 
Tool Versions:
Toolchain:       MDK-ARM Plus  Version: 5.39.0.0
Toolchain Path:  C:\Keil_v5\ARM\ARMCLANG\Bin
C Compiler:      ArmClang.exe V6.21
Assembler:       Armasm.exe V6.21
Linker/Locator:  ArmLink.exe V6.21
Library Manager: ArmAr.exe V6.21
Hex Converter:   FromElf.exe V6.21
CPU DLL:         SARMCM3.DLL V5.39.0.0
Dialog DLL:      DCM.DLL V1.17.5.0
Target DLL:      UL2CM3.DLL V1.164.9.0
Dialog DLL:      TCM.DLL V1.56.4.0
 
<h2>Project:</h2>
D:\SRAMTEST\cTensor_uvision\cTensor.uvprojx
Project File Date:  08/27/2025

<h2>Output:</h2>
*** Using Compiler 'V6.21', folder: 'C:\Keil_v5\ARM\ARMCLANG\Bin'
Build target 'Target 1'
user/main.c(1): warning: In file included from...
./include\cten.h(39): warning: redefinition of typedef 'GradNode' is a C11 feature [-Wtypedef-redefinition]
   39 | } GradNode;
      |   ^
./include\cten.h(19): note: previous definition is here
   19 | typedef struct GradNode GradNode;
      |                         ^
./include\cten.h(46): warning: a function declaration without a prototype is deprecated in all versions of C [-Wstrict-prototypes]
   46 | void cten_initilize();
      |                    ^
      |                     void
./include\cten.h(47): warning: a function declaration without a prototype is deprecated in all versions of C [-Wstrict-prototypes]
   47 | void cten_finalize();
      |                   ^
      |                    void
./include\cten.h(127): warning: a function declaration without a prototype is deprecated in all versions of C [-Wstrict-prototypes]
  127 | void cten_end_malloc();
      |                     ^
      |                      void
./include\cten.h(165): warning: a function declaration without a prototype is deprecated in all versions of C [-Wstrict-prototypes]
  165 | void cten_begin_eval();
      |                     ^
      |                      void
./include\cten.h(166): warning: a function declaration without a prototype is deprecated in all versions of C [-Wstrict-prototypes]
  166 | bool cten_is_eval();
      |                  ^
      |                   void
./include\cten.h(167): warning: a function declaration without a prototype is deprecated in all versions of C [-Wstrict-prototypes]
  167 | void cten_end_eval();
      |                   ^
      |                    void
./include\cten.h(180): warning: no newline at end of file [-Wnewline-eof]
  180 | Tensor Tensor_unsqueeze(Tensor self, int dim);
      |                                               ^
user/main.c(19): warning: no previous prototype for function 'Model_forward' [-Wmissing-prototypes]
   19 | Tensor Model_forward(Model* model, Tensor x) {
      |        ^
user/main.c(19): note: declare 'static' if the function is not intended to be used outside of this translation unit
   19 | Tensor Model_forward(Model* model, Tensor x) {
      | ^
      | static 
user/main.c(27): warning: a function declaration without a prototype is deprecated in all versions of C [-Wstrict-prototypes]
   27 | int main() {
      |         ^
      |          void
user/main.c(38): warning: implicit conversion changes signedness: 'int' to 'unsigned int' [-Wsign-conversion]
   38 |     float (*X_shuffled)[4] = malloc(n_samples * sizeof(*X_shuffled));
      |                                     ^~~~~~~~~ ~
user/main.c(39): warning: implicit conversion changes signedness: 'int' to 'unsigned int' [-Wsign-conversion]
   39 |     int* y_shuffled = malloc(n_samples * sizeof(int));
      |                              ^~~~~~~~~ ~
user/main.c(44): warning: implicit conversion turns floating-point number into integer: 'double' to 'int' [-Wfloat-conversion]
   44 |     int n_train_samples = n_samples * 0.8; 
      |         ~~~~~~~~~~~~~~~   ~~~~~~~~~~^~~~~
user/main.c(52): warning: implicit conversion changes signedness: 'int' to 'unsigned int' [-Wsign-conversion]
   52 |     float(*X_norm)[4] = malloc(n_samples * sizeof(*X_norm));
      |                                ^~~~~~~~~ ~
user/main.c(81): warning: mixing declarations and code is incompatible with standards before C99 [-Wdeclaration-after-statement]
   81 |             Tensor input = Tensor_zeros((TensorShape){actual_batch_size, n_features}, false);
      |                    ^
user/main.c(75): warning: variable 'epoch_loss' set but not used [-Wunused-but-set-variable]
   75 |         float epoch_loss = 0.0f;
      |               ^
user/main.c(76): warning: variable 'num_batches' set but not used [-Wunused-but-set-variable]
   76 |         int num_batches = 0;
      |             ^
user/main.c(121): warning: mixing declarations and code is incompatible with standards before C99 [-Wdeclaration-after-statement]
  121 |         Tensor input = Tensor_zeros((TensorShape){1, n_features}, false);
      |                ^
user/main.c(131): warning: unused variable 'loss' [-Wunused-variable]
  131 |         Tensor loss = nn_crossentropy(y_true, y_pred);
      |                ^~~~
user/main.c(31): warning: mixing declarations and code is incompatible with standards before C99 [-Wdeclaration-after-statement]
   31 |     const float(*X)[4];
      |                  ^
user/main.c(45): warning: unused variable 'n_test_samples' [-Wunused-variable]
   45 |     int n_test_samples = n_samples - n_train_samples; 
      |         ^~~~~~~~~~~~~~
user/main.c(117): warning: variable 'correct' set but not used [-Wunused-but-set-variable]
  117 |     int correct = 0;
      |         ^
user/main.c(86): warning: unsafe buffer access [-Wunsafe-buffer-usage]
   86 |                     input.data->flex[j * n_features + k] = X[i + j][k];
      |                     ^~~~~~~~~~~~~~~~
user/main.c(86): warning: unsafe buffer access [-Wunsafe-buffer-usage]
   86 |                     input.data->flex[j * n_features + k] = X[i + j][k];
      |                                                            ^~~~~~~~
user/main.c(86): warning: unsafe buffer access [-Wunsafe-buffer-usage]
   86 |                     input.data->flex[j * n_features + k] = X[i + j][k];
      |                                                            ^
user/main.c(89): warning: unsafe buffer access [-Wunsafe-buffer-usage]
   89 |                 y_true.data->flex[j * n_classes + y[i + j]] = 1.0f;
      |                 ^~~~~~~~~~~~~~~~~
user/main.c(89): warning: unsafe buffer access [-Wunsafe-buffer-usage]
   89 |                 y_true.data->flex[j * n_classes + y[i + j]] = 1.0f;
      |                                                   ^
user/main.c(124): warning: unsafe buffer access [-Wunsafe-buffer-usage]
  124 |             input.data->flex[j] = X[i][j];
      |             ^~~~~~~~~~~~~~~~
user/main.c(124): warning: unsafe buffer access [-Wunsafe-buffer-usage]
  124 |             input.data->flex[j] = X[i][j];
      |                                   ^~~~
user/main.c(124): warning: unsafe buffer access [-Wunsafe-buffer-usage]
  124 |             input.data->flex[j] = X[i][j];
      |                                   ^
user/main.c(126): warning: unsafe buffer access [-Wunsafe-buffer-usage]
  126 |         y_true.data->flex[0 * n_classes + y[i]] = 1.0f; //Writing 0 here just to follow the architecture of the code
      |         ^~~~~~~~~~~~~~~~~
user/main.c(126): warning: unsafe buffer access [-Wunsafe-buffer-usage]
  126 |         y_true.data->flex[0 * n_classes + y[i]] = 1.0f; //Writing 0 here just to follow the architecture of the code
      |                                           ^
user/main.c(135): warning: unsafe buffer access [-Wunsafe-buffer-usage]
  135 |         if(pred_classes[0] == y[i]) correct++;
      |                               ^
33 warnings generated.
compiling main.c...
linking...
Program Size: Code=30860 RO-data=6400 RW-data=16 ZI-data=66936  
".\Objects\cTensor.axf" - 0 Error(s), 33 Warning(s).

<h2>Software Packages used:</h2>

Package Vendor: ARM
                http://www.keil.com/pack/ARM.CMSIS.5.9.0.pack
                ARM::CMSIS@5.9.0
                CMSIS (Common Microcontroller Software Interface Standard)
   * Component: CORE Version: 5.6.0
   * Component: Startup Version: 1.2.2

<h2>Collection of Component include folders:</h2>
  ./RTE/_Target_1
  D:/Arm/Packs/ARM/CMSIS/5.9.0/CMSIS/Core/Include
  D:/Arm/Packs/ARM/CMSIS/5.9.0/Device/ARM/ARMCM3/Include

<h2>Collection of Component Files used:</h2>

   * Component: ARM::CMSIS:CORE@5.6.0

   * Component: ARM::Device:Startup@1.2.2
      Include file:  Device/ARM/ARMCM3/Include/ARMCM3.h
      Source file:   Device/ARM/ARMCM3/Source/ARM/startup_ARMCM3.s
      Source file:   Device/ARM/ARMCM3/Source/system_ARMCM3.c
Build Time Elapsed:  00:00:02
</pre>
</body>
</html>
