Component: Arm Compiler for Embedded 6.21 Tool: armlink [5ec1fa00]

==============================================================================

Section Cross References

    main.o(.text.Model_forward) refers to nn.o(.text.nn_linear) for nn_linear
    main.o(.text.Model_forward) refers to nn.o(.text.nn_relu) for nn_relu
    main.o(.ARM.exidx.text.Model_forward) refers to main.o(.text.Model_forward) for [Anonymous Symbol]
    main.o(.text.main) refers to pool.o(.text.cten_initilize) for cten_initilize
    main.o(.text.main) refers to iris_dataset.o(.text.load_iris_dataset) for load_iris_dataset
    main.o(.text.main) refers to h1_alloc.o(.text) for malloc
    main.o(.text.main) refers to utils.o(.text.Tensor_shuffle_dataset) for Tensor_shuffle_dataset
    main.o(.text.main) refers to dflt_clz.o(x$fpl$dflt) for __aeabi_i2d
    main.o(.text.main) refers to dmul.o(x$fpl$dmul) for __aeabi_dmul
    main.o(.text.main) refers to dfix.o(x$fpl$dfix) for __aeabi_d2iz
    main.o(.text.main) refers to utils.o(.text.Tensor_normalize_dataset) for Tensor_normalize_dataset
    main.o(.text.main) refers to pool.o(.text.cten_begin_malloc) for cten_begin_malloc
    main.o(.text.main) refers to nn.o(.text.Glorot_init) for Glorot_init
    main.o(.text.main) refers to basic.o(.text.Tensor_zeros) for Tensor_zeros
    main.o(.text.main) refers to pool.o(.text.cten_end_malloc) for cten_end_malloc
    main.o(.text.main) refers to sgd.o(.text.optim_sgd_new) for optim_sgd_new
    main.o(.text.main) refers to sgd.o(.text.optim_sgd_config) for optim_sgd_config
    main.o(.text.main) refers to sgd.o(.text.optim_sgd_zerograd) for optim_sgd_zerograd
    main.o(.text.main) refers to main.o(.text.Model_forward) for Model_forward
    main.o(.text.main) refers to nn.o(.text.nn_softmax_crossentropy) for nn_softmax_crossentropy
    main.o(.text.main) refers to faddsub_clz.o(x$fpl$fadd) for __aeabi_fadd
    main.o(.text.main) refers to basic.o(.text.Tensor_ones) for Tensor_ones
    main.o(.text.main) refers to basic.o(.text.Tensor_backward) for Tensor_backward
    main.o(.text.main) refers to sgd.o(.text.optim_sgd_step) for optim_sgd_step
    main.o(.text.main) refers to pool.o(.text.cten_free) for cten_free
    main.o(.text.main) refers to context.o(.text.cten_begin_eval) for cten_begin_eval
    main.o(.text.main) refers to nn.o(.text.nn_softmax) for nn_softmax
    main.o(.text.main) refers to nn.o(.text.nn_crossentropy) for nn_crossentropy
    main.o(.text.main) refers to operator.o(.text.Tensor_argmax) for Tensor_argmax
    main.o(.text.main) refers to context.o(.text.cten_end_eval) for cten_end_eval
    main.o(.text.main) refers to pool.o(.text.cten_finalize) for cten_finalize
    main.o(.ARM.exidx.text.main) refers to main.o(.text.main) for [Anonymous Symbol]
    basic.o(.ARM.exidx.text.TensorShape_numel) refers to basic.o(.text.TensorShape_numel) for [Anonymous Symbol]
    basic.o(.ARM.exidx.text.TensorShape_dim) refers to basic.o(.text.TensorShape_dim) for [Anonymous Symbol]
    basic.o(.text.TensorShape_asdim) refers to basic.o(.text.TensorShape_dim) for TensorShape_dim
    basic.o(.text.TensorShape_asdim) refers to basic.o(.rodata.str1.1) for .L.str
    basic.o(.text.TensorShape_asdim) refers to utils.o(.text.cten_assert) for cten_assert
    basic.o(.ARM.exidx.text.TensorShape_asdim) refers to basic.o(.text.TensorShape_asdim) for [Anonymous Symbol]
    basic.o(.text.TensorShape_tostring) refers to basic.o(.rodata.str1.1) for .L.str.1
    basic.o(.text.TensorShape_tostring) refers to snprintf.o(.text) for snprintf
    basic.o(.ARM.exidx.text.TensorShape_tostring) refers to basic.o(.text.TensorShape_tostring) for [Anonymous Symbol]
    basic.o(.text.Tensor_new) refers to basic.o(.text.TensorShape_dim) for TensorShape_dim
    basic.o(.text.Tensor_new) refers to rt_memcpy_w.o(.text) for __aeabi_memcpy4
    basic.o(.text.Tensor_new) refers to basic.o(.text.TensorShape_numel) for TensorShape_numel
    basic.o(.text.Tensor_new) refers to pool.o(.text._cten_malloc) for _cten_malloc
    basic.o(.text.Tensor_new) refers to rand.o(.emb_text) for rand
    basic.o(.text.Tensor_new) refers to fflt_clz.o(x$fpl$fflt) for __aeabi_i2f
    basic.o(.text.Tensor_new) refers to fdiv.o(x$fpl$fdiv) for __aeabi_fdiv
    basic.o(.text.Tensor_new) refers to faddsub_clz.o(x$fpl$fadd) for __aeabi_fadd
    basic.o(.text.Tensor_new) refers to rt_memclr_w.o(.text) for __aeabi_memclr4
    basic.o(.ARM.exidx.text.Tensor_new) refers to basic.o(.text.Tensor_new) for [Anonymous Symbol]
    basic.o(.text.Tensor_zeros) refers to basic.o(.text.Tensor_new) for Tensor_new
    basic.o(.text.Tensor_zeros) refers to rt_memclr_w.o(.text) for __aeabi_memclr4
    basic.o(.ARM.exidx.text.Tensor_zeros) refers to basic.o(.text.Tensor_zeros) for [Anonymous Symbol]
    basic.o(.text.Tensor_ones) refers to basic.o(.text.Tensor_new) for Tensor_new
    basic.o(.ARM.exidx.text.Tensor_ones) refers to basic.o(.text.Tensor_ones) for [Anonymous Symbol]
[...]
    [Anonymous Symbol]                       0x20000250   Section        0  context.o(.bss._eval_depth)
    g_allocator                              0x20000254   Data          48  pool.o(.bss.g_allocator)
    [Anonymous Symbol]                       0x20000254   Section        0  pool.o(.bss.g_allocator)
    HEAP                                     0x20000288   Section    65280  startup_armcm3.o(HEAP)
    STACK                                    0x20010188   Section     1024  startup_armcm3.o(STACK)

    Global Symbols

    Symbol Name                              Value     Ov Type        Size  Object(Section)

    BuildAttributes$$THM_ISAv4$P$D$K$B$S$PE$A:L22UL41UL21$X:L11$S22US41US21$IEEE1$IW$~IW$USESV6$~STKCKD$USESV7$~SHL$OTIME$ROPI$IEEEX$EBA8$UX$STANDARDLIB$REQ8$PRES8$EABIv2 0x00000000   Number         0  anon$$obj.o ABSOLUTE
    __Vectors                                0x00000000   Data           4  startup_armcm3.o(RESET)
    __fp_init_empty                          0x00000000   Number         0  fpinit_empty.o ABSOLUTE
    _printf_flags                            0x00000000   Number         0  printf_stubs.o ABSOLUTE
    _printf_return_value                     0x00000000   Number         0  printf_stubs.o ABSOLUTE
    _printf_sizespec                         0x00000000   Number         0  printf_stubs.o ABSOLUTE
    _printf_widthprec                        0x00000000   Number         0  printf_stubs.o ABSOLUTE
    Image$$ZI$$Limit                          - Undefined Weak Reference
    __ARM_exceptions_init                     - Undefined Weak Reference
    __alloca_initialize                       - Undefined Weak Reference
    __arm_preinit_                            - Undefined Weak Reference
    __arm_relocate_pie_                       - Undefined Weak Reference
    __cpp_initialize__aeabi_                  - Undefined Weak Reference
    __cxa_finalize                            - Undefined Weak Reference
    __sigvec_lookup                           - Undefined Weak Reference
    __user_heap_extent                        - Undefined Weak Reference
    _atexit_init                              - Undefined Weak Reference
    _call_atexit_fns                          - Undefined Weak Reference
    _clock_init                               - Undefined Weak Reference
    _fp_trap_init                             - Undefined Weak Reference
    _fp_trap_shutdown                         - Undefined Weak Reference
    _get_lc_collate                           - Undefined Weak Reference
    _get_lc_monetary                          - Undefined Weak Reference
    _get_lc_time                              - Undefined Weak Reference
    _getenv_init                              - Undefined Weak Reference
    _handle_redirection                       - Undefined Weak Reference
    _mutex_acquire                            - Undefined Weak Reference
    _mutex_free                               - Undefined Weak Reference
    _mutex_release                            - Undefined Weak Reference
    _printf_mbtowc                            - Undefined Weak Reference
    _printf_wc                                - Undefined Weak Reference
    _signal_finish                            - Undefined Weak Reference
    _signal_init                              - Undefined Weak Reference
    __Vectors_End                            0x000003c0   Data           0  startup_armcm3.o(RESET)
    __Vectors_Size                           0x000003c0   Number         0  startup_armcm3.o ABSOLUTE
    __main                                   0x000003c1   Thumb Code     8  __main.o(!!!main)
    __scatterload                            0x000003c9   Thumb Code     0  __scatter.o(!!!scatter)
    __scatterload_rt2                        0x000003c9   Thumb Code    84  __scatter.o(!!!scatter)
    __scatterload_rt2_thumb_only             0x000003c9   Thumb Code     0  __scatter.o(!!!scatter)
    __scatterload_loop                       0x000003d3   Thumb Code     0  __scatter.o(!!!scatter)
    __scatterload_copy                       0x00000425   Thumb Code    26  __scatter_copy.o(!!handler_copy)
    __scatterload_null                       0x00000441   Thumb Code     2  __scatter.o(!!handler_null)
    __scatterload_zeroinit                   0x00000445   Thumb Code    28  __scatter_zi.o(!!handler_zi)
    _printf_n                                0x00000461   Thumb Code     0  _printf_n.o(.ARM.Collect$$_printf_percent$$00000001)
    _printf_percent                          0x00000461   Thumb Code     0  _printf_percent.o(.ARM.Collect$$_printf_percent$$00000000)
    _printf_p                                0x00000467   Thumb Code     0  _printf_p.o(.ARM.Collect$$_printf_percent$$00000002)
    _printf_f                                0x0000046d   Thumb Code     0  _printf_f.o(.ARM.Collect$$_printf_percent$$00000003)
    _printf_e                                0x00000473   Thumb Code     0  _printf_e.o(.ARM.Collect$$_printf_percent$$00000004)
    _printf_g                                0x00000479   Thumb Code     0  _printf_g.o(.ARM.Collect$$_printf_percent$$00000005)
    _printf_a                                0x0000047f   Thumb Code     0  _printf_a.o(.ARM.Collect$$_printf_percent$$00000006)
    _printf_ll                               0x00000485   Thumb Code     0  _printf_ll.o(.ARM.Collect$$_printf_percent$$00000007)
    _printf_i                                0x0000048f   Thumb Code     0  _printf_i.o(.ARM.Collect$$_printf_percent$$00000008)
    _printf_d                                0x00000495   Thumb Code     0  _printf_d.o(.ARM.Collect$$_printf_percent$$00000009)
    _printf_u                                0x0000049b   Thumb Code     0  _printf_u.o(.ARM.Collect$$_printf_percent$$0000000A)
    _printf_o                                0x000004a1   Thumb Code     0  _printf_o.o(.ARM.Collect$$_printf_percent$$0000000B)
    _printf_x                                0x000004a7   Thumb Code     0  _printf_x.o(.ARM.Collect$$_printf_percent$$0000000C)
    _printf_lli                              0x000004ad   Thumb Code     0  _printf_lli.o(.ARM.Collect$$_printf_percent$$0000000D)
    _printf_lld                              0x000004b3   Thumb Code     0  _printf_lld.o(.ARM.Collect$$_printf_percent$$0000000E)
    _printf_llu                              0x000004b9   Thumb Code     0  _printf_llu.o(.ARM.Collect$$_printf_percent$$0000000F)
    _printf_llo                              0x000004bf   Thumb Code     0  _printf_llo.o(.ARM.Collect$$_printf_percent$$00000010)
    _printf_llx                              0x000004c5   Thumb Code     0  _printf_llx.o(.ARM.Collect$$_printf_percent$$00000011)
    _printf_l                                0x000004cb   Thumb Code     0  _printf_l.o(.ARM.Collect$$_printf_percent$$00000012)
    _printf_c                                0x000004d5   Thumb Code     0  _printf_c.o(.ARM.Collect$$_printf_percent$$00000013)
    _printf_s                                0x000004db   Thumb Code     0  _printf_s.o(.ARM.Collect$$_printf_percent$$00000014)
    _printf_lc                               0x000004e1   Thumb Code     0  _printf_lc.o(.ARM.Collect$$_printf_percent$$00000015)
    _printf_ls                               0x000004e7   Thumb Code     0  _printf_ls.o(.ARM.Collect$$_printf_percent$$00000016)
    _printf_percent_end                      0x000004ed   Thumb Code     0  _printf_percent_end.o(.ARM.Collect$$_printf_percent$$00000017)
    __rt_lib_init                            0x000004f1   Thumb Code     0  libinit.o(.ARM.Collect$$libinit$$00000000)
    __rt_lib_init_fp_1                       0x000004f3   Thumb Code     0  libinit2.o(.ARM.Collect$$libinit$$00000002)
    __rt_lib_init_heap_2                     0x000004f3   Thumb Code     0  libinit3.o(.ARM.Collect$$libinit$$00000008)
    __rt_lib_init_preinit_1                  0x000004f3   Thumb Code     0  libinit2.o(.ARM.Collect$$libinit$$00000006)
    __rt_lib_init_relocate_pie_1             0x000004f3   Thumb Code     0  libinit2.o(.ARM.Collect$$libinit$$00000004)
    __rt_lib_init_heap_1                     0x000004fb   Thumb Code     0  libinit2.o(.ARM.Collect$$libinit$$0000000C)
    __rt_lib_init_rand_2                     0x000004fb   Thumb Code     0  libinit2.o(.ARM.Collect$$libinit$$0000000F)
    __rt_lib_init_user_alloc_1               0x000004fb   Thumb Code     0  libinit2.o(.ARM.Collect$$libinit$$0000000E)
    __rt_lib_init_lc_common                  0x000004ff   Thumb Code     0  libinit2.o(.ARM.Collect$$libinit$$00000011)
    __rt_lib_init_rand_1                     0x000004ff   Thumb Code     0  libinit2.o(.ARM.Collect$$libinit$$00000010)
    __rt_lib_init_lc_collate_1               0x00000505   Thumb Code     0  libinit2.o(.ARM.Collect$$libinit$$00000013)
    __rt_lib_init_lc_ctype_2                 0x00000505   Thumb Code     0  libinit2.o(.ARM.Collect$$libinit$$00000014)
    __rt_lib_init_lc_ctype_1                 0x00000511   Thumb Code     0  libinit2.o(.ARM.Collect$$libinit$$00000015)
    __rt_lib_init_lc_monetary_1              0x00000511   Thumb Code     0  libinit2.o(.ARM.Collect$$libinit$$00000017)
    __rt_lib_init_lc_numeric_2               0x00000511   Thumb Code     0  libinit2.o(.ARM.Collect$$libinit$$00000018)
    __rt_lib_init_atexit_1                   0x0000051b   Thumb Code     0  libinit2.o(.ARM.Collect$$libinit$$0000001D)
    __rt_lib_init_clock_1                    0x0000051b   Thumb Code     0  libinit2.o(.ARM.Collect$$libinit$$00000023)
    __rt_lib_init_fp_trap_1                  0x0000051b   Thumb Code     0  libinit2.o(.ARM.Collect$$libinit$$00000021)
    __rt_lib_init_getenv_1                   0x0000051b   Thumb Code     0  libinit2.o(.ARM.Collect$$libinit$$00000025)
    __rt_lib_init_lc_numeric_1               0x0000051b   Thumb Code     0  libinit2.o(.ARM.Collect$$libinit$$00000019)
    __rt_lib_init_lc_time_1                  0x0000051b   Thumb Code     0  libinit2.o(.ARM.Collect$$libinit$$0000001B)
    __rt_lib_init_signal_1                   0x0000051b   Thumb Code     0  libinit2.o(.ARM.Collect$$libinit$$0000001F)
    __rt_lib_init_stdio_2                    0x0000051b   Thumb Code     0  libinit2.o(.ARM.Collect$$libinit$$00000026)
    __rt_lib_init_alloca_1                   0x0000051f   Thumb Code     0  libinit2.o(.ARM.Collect$$libinit$$00000030)
    __rt_lib_init_argv_1                     0x0000051f   Thumb Code     0  libinit2.o(.ARM.Collect$$libinit$$0000002E)
    __rt_lib_init_cpp_1                      0x0000051f   Thumb Code     0  libinit2.o(.ARM.Collect$$libinit$$00000034)
    __rt_lib_init_exceptions_1               0x0000051f   Thumb Code     0  libinit2.o(.ARM.Collect$$libinit$$00000032)
    __rt_lib_init_return                     0x0000051f   Thumb Code     0  libinit2.o(.ARM.Collect$$libinit$$00000035)
    __rt_lib_init_stdio_1                    0x0000051f   Thumb Code     0  libinit2.o(.ARM.Collect$$libinit$$00000027)
    __rt_lib_shutdown                        0x00000529   Thumb Code     0  libshutdown.o(.ARM.Collect$$libshutdown$$00000000)
    __rt_lib_shutdown_cpp_1                  0x0000052b   Thumb Code     0  libshutdown2.o(.ARM.Collect$$libshutdown$$00000002)
    __rt_lib_shutdown_stdio_2                0x0000052b   Thumb Code     0  libshutdown2.o(.ARM.Collect$$libshutdown$$00000003)
    __rt_lib_shutdown_fp_trap_1              0x0000052f   Thumb Code     0  libshutdown2.o(.ARM.Collect$$libshutdown$$00000007)
    __rt_lib_shutdown_heap_1                 0x0000052f   Thumb Code     0  libshutdown2.o(.ARM.Collect$$libshutdown$$0000000F)
    __rt_lib_shutdown_return                 0x0000052f   Thumb Code     0  libshutdown2.o(.ARM.Collect$$libshutdown$$00000010)
    __rt_lib_shutdown_signal_1               0x0000052f   Thumb Code     0  libshutdown2.o(.ARM.Collect$$libshutdown$$0000000A)
    __rt_lib_shutdown_stdio_1                0x0000052f   Thumb Code     0  libshutdown2.o(.ARM.Collect$$libshutdown$$00000004)
    __rt_lib_shutdown_user_alloc_1           0x0000052f   Thumb Code     0  libshutdown2.o(.ARM.Collect$$libshutdown$$0000000C)
    __rt_entry                               0x00000531   Thumb Code     0  __rtentry.o(.ARM.Collect$$rtentry$$00000000)
    __rt_entry_presh_1                       0x00000531   Thumb Code     0  __rtentry2.o(.ARM.Collect$$rtentry$$00000002)
    __rt_entry_sh                            0x00000531   Thumb Code     0  __rtentry5.o(.ARM.Collect$$rtentry$$00000005)
    __rt_entry_li                            0x00000535   Thumb Code     0  __rtentry2.o(.ARM.Collect$$rtentry$$0000000A)
    __rt_entry_postsh_1                      0x00000535   Thumb Code     0  __rtentry2.o(.ARM.Collect$$rtentry$$00000009)
    __rt_entry_main                          0x00000539   Thumb Code     0  __rtentry2.o(.ARM.Collect$$rtentry$$0000000D)
    __rt_entry_postli_1                      0x00000539   Thumb Code     0  __rtentry2.o(.ARM.Collect$$rtentry$$0000000C)
    __rt_exit                                0x00000545   Thumb Code     0  rtexit.o(.ARM.Collect$$rtexit$$00000000)
    __rt_exit_ls                             0x00000547   Thumb Code     0  rtexit2.o(.ARM.Collect$$rtexit$$00000003)
    __rt_exit_prels_1                        0x00000547   Thumb Code     0  rtexit2.o(.ARM.Collect$$rtexit$$00000002)
    __rt_exit_exit                           0x0000054b   Thumb Code     0  rtexit2.o(.ARM.Collect$$rtexit$$00000004)
    rand                                     0x00000551   Thumb Code    48  rand.o(.emb_text)
    Reset_Handler                            0x00000585   Thumb Code     8  startup_armcm3.o(.text)
    HardFault_Handler                        0x0000058d   Thumb Code     2  startup_armcm3.o(.text)
    NMI_Handler                              0x0000058f   Thumb Code     2  startup_armcm3.o(.text)
    MemManage_Handler                        0x00000591   Thumb Code     2  startup_armcm3.o(.text)
    BusFault_Handler                         0x00000593   Thumb Code     2  startup_armcm3.o(.text)
    UsageFault_Handler                       0x00000595   Thumb Code     2  startup_armcm3.o(.text)
    SVC_Handler                              0x00000597   Thumb Code     2  startup_armcm3.o(.text)
    DebugMon_Handler                         0x00000599   Thumb Code     2  startup_armcm3.o(.text)
    PendSV_Handler                           0x0000059b   Thumb Code     2  startup_armcm3.o(.text)
    SysTick_Handler                          0x0000059d   Thumb Code     2  startup_armcm3.o(.text)
    Interrupt0_Handler                       0x0000059f   Thumb Code     2  startup_armcm3.o(.text)
    Interrupt1_Handler                       0x000005a1   Thumb Code     2  startup_armcm3.o(.text)
    Interrupt2_Handler                       0x000005a3   Thumb Code     2  startup_armcm3.o(.text)
    Interrupt3_Handler                       0x000005a5   Thumb Code     2  startup_armcm3.o(.text)
    Interrupt4_Handler                       0x000005a7   Thumb Code     2  startup_armcm3.o(.text)
    Interrupt5_Handler                       0x000005a9   Thumb Code     2  startup_armcm3.o(.text)
    Interrupt6_Handler                       0x000005ab   Thumb Code     2  startup_armcm3.o(.text)
    Interrupt7_Handler                       0x000005ad   Thumb Code     2  startup_armcm3.o(.text)
    Interrupt8_Handler                       0x000005af   Thumb Code     2  startup_armcm3.o(.text)
    Interrupt9_Handler                       0x000005b1   Thumb Code     2  startup_armcm3.o(.text)
    time                                     0x000005bd   Thumb Code    18  sys_time.o(.text)
    malloc                                   0x000005cf   Thumb Code    94  h1_alloc.o(.text)
    free                                     0x0000062d   Thumb Code    78  h1_free.o(.text)
    realloc                                  0x0000067b   Thumb Code   196  h1_realloc.o(.text)
    printf                                   0x00000741   Thumb Code    20  printf.o(.text)
    fprintf                                  0x00000759   Thumb Code    20  fprintf.o(.text)
    vfprintf                                 0x0000076d   Thumb Code    10  vfprintf.o(.text)
    snprintf                                 0x00000779   Thumb Code    58  snprintf.o(.text)
    srand                                    0x000007b9   Thumb Code    42  rand.o(.text)
    _rand_init                               0x000007e3   Thumb Code     4  rand.o(.text)
    exit                                     0x000007f5   Thumb Code    18  exit.o(.text)
    abort                                    0x00000807   Thumb Code    22  abort.o(.text)
    __aeabi_assert                           0x0000081d   Thumb Code    86  assert.o(.text)
    __assert                                 0x0000081d   Thumb Code     0  assert.o(.text)
    memcmp                                   0x0000089d   Thumb Code    88  memcmp.o(.text)
    __aeabi_memcpy4                          0x000008f5   Thumb Code     0  rt_memcpy_w.o(.text)
    __aeabi_memcpy8                          0x000008f5   Thumb Code     0  rt_memcpy_w.o(.text)
    __rt_memcpy_w                            0x000008f5   Thumb Code   100  rt_memcpy_w.o(.text)
    _memcpy_lastbytes_aligned                0x0000093d   Thumb Code     0  rt_memcpy_w.o(.text)
    __aeabi_memclr4                          0x00000959   Thumb Code     0  rt_memclr_w.o(.text)
    __aeabi_memclr8                          0x00000959   Thumb Code     0  rt_memclr_w.o(.text)
    __rt_memclr_w                            0x00000959   Thumb Code     0  rt_memclr_w.o(.text)
    _memset_w                                0x0000095d   Thumb Code    74  rt_memclr_w.o(.text)
    strcmp                                   0x000009a9   Thumb Code   128  strcmpv7m.o(.text)
    __use_two_region_memory                  0x00000a29   Thumb Code     2  heapauxi.o(.text)
    __rt_heap_escrow                         0x00000a2b   Thumb Code     2  heapauxi.o(.text)
    __rt_heap_expand                         0x00000a2d   Thumb Code     2  heapauxi.o(.text)
    _sys_exit                                0x00000a31   Thumb Code     8  sys_exit.o(.text)
    __I$use$semihosting                      0x00000a3d   Thumb Code     0  use_no_semi.o(.text)
    __use_no_semihosting_swi                 0x00000a3d   Thumb Code     2  use_no_semi.o(.text)
    __semihosting_library_function           0x00000a3f   Thumb Code     0  indicate_semi.o(.text)
    __rt_heap_descriptor                     0x00000a41   Thumb Code     8  rt_heap_descriptor_intlibspace.o(.text)
    __use_no_heap                            0x00000a49   Thumb Code     2  hguard.o(.text)
    __heap$guard                             0x00000a4b   Thumb Code     2  hguard.o(.text)
    _terminate_user_alloc                    0x00000a4d   Thumb Code     2  init_alloc.o(.text)
    _init_user_alloc                         0x00000a4f   Thumb Code     2  init_alloc.o(.text)
    __Heap_Full                              0x00000a51   Thumb Code    34  init_alloc.o(.text)
    __Heap_Broken                            0x00000a73   Thumb Code     6  init_alloc.o(.text)
    _init_alloc                              0x00000a79   Thumb Code    94  init_alloc.o(.text)
    __Heap_Initialize                        0x00000ad7   Thumb Code     8  h1_init.o(.text)
    __Heap_DescSize                          0x00000adf   Thumb Code     4  h1_init.o(.text)
    __read_errno                             0x00000ae3   Thumb Code    10  _rserrno.o(.text)
    __set_errno                              0x00000aed   Thumb Code    12  _rserrno.o(.text)
    _printf_pre_padding                      0x00000af9   Thumb Code    44  _printf_pad.o(.text)
    _printf_post_padding                     0x00000b25   Thumb Code    34  _printf_pad.o(.text)
    _printf_truncate_signed                  0x00000b47   Thumb Code    18  _printf_truncate.o(.text)
    _printf_truncate_unsigned                0x00000b59   Thumb Code    18  _printf_truncate.o(.text)
    _printf_str                              0x00000b6b   Thumb Code    82  _printf_str.o(.text)
    _printf_int_dec                          0x00000bbd   Thumb Code   104  _printf_dec.o(.text)
    _printf_charcount                        0x00000c35   Thumb Code    40  _printf_charcount.o(.text)
    _printf_char_common                      0x00000c67   Thumb Code    32  _printf_char_common.o(.text)
    _snputc                                  0x00000c8d   Thumb Code    16  _snputc.o(.text)
    _printf_char_file                        0x00000c9d   Thumb Code    32  _printf_char_file.o(.text)
    _printf_wctomb                           0x00000cc1   Thumb Code   182  _printf_wctomb.o(.text)
    _printf_longlong_dec                     0x00000d7d   Thumb Code   108  _printf_longlong_dec.o(.text)
    _printf_longlong_oct                     0x00000df9   Thumb Code    68  _printf_oct_int_ll.o(.text)
    _printf_int_oct                          0x00000e3d   Thumb Code    24  _printf_oct_int_ll.o(.text)
    _printf_ll_oct                           0x00000e55   Thumb Code    12  _printf_oct_int_ll.o(.text)
    _printf_longlong_hex                     0x00000e69   Thumb Code    86  _printf_hex_int_ll_ptr.o(.text)
    _printf_int_hex                          0x00000ebf   Thumb Code    28  _printf_hex_int_ll_ptr.o(.text)
    _printf_ll_hex                           0x00000edb   Thumb Code    12  _printf_hex_int_ll_ptr.o(.text)
    _printf_hex_ptr                          0x00000ee7   Thumb Code    18  _printf_hex_int_ll_ptr.o(.text)
    __printf                                 0x00000efd   Thumb Code   388  __printf_flags_ss_wp.o(.text)
    _initio                                  0x00001085   Thumb Code   210  initio.o(.text)
    _terminateio                             0x00001157   Thumb Code    56  initio.o(.text)
    __rt_SIGABRT                             0x000011bd   Thumb Code    14  defsig_abrt_outer.o(.text)
    _ttywrch                                 0x000011cb   Thumb Code    14  sys_wrch.o(.text)
    __aeabi_errno_addr                       0x000011d9   Thumb Code     8  rt_errno_addr_intlibspace.o(.text)
    __errno$intlibspace                      0x000011d9   Thumb Code     0  rt_errno_addr_intlibspace.o(.text)
    __rt_errno_addr$intlibspace              0x000011d9   Thumb Code     0  rt_errno_addr_intlibspace.o(.text)
    __Heap_ProvideMemory                     0x000011e1   Thumb Code    52  h1_extend.o(.text)
    _maybe_terminate_alloc                   0x000011e1   Thumb Code     0  maybetermalloc1.o(.text)
    _ll_udiv10                               0x00001215   Thumb Code   138  lludiv10.o(.text)
    _printf_int_common                       0x0000129f   Thumb Code   178  _printf_intcommon.o(.text)
    _printf_fp_dec_real                      0x00001501   Thumb Code   620  _printf_fp_dec.o(.text)
    _printf_fp_hex_real                      0x0000176d   Thumb Code   756  _printf_fp_hex.o(.text)
    _printf_cs_common                        0x00001a69   Thumb Code    20  _printf_char.o(.text)
    _printf_char                             0x00001a7d   Thumb Code    16  _printf_char.o(.text)
    _printf_string                           0x00001a8d   Thumb Code     8  _printf_char.o(.text)
    _printf_lcs_common                       0x00001a95   Thumb Code    20  _printf_wchar.o(.text)
    _printf_wchar                            0x00001aa9   Thumb Code    16  _printf_wchar.o(.text)
    _printf_wstring                          0x00001ab9   Thumb Code     8  _printf_wchar.o(.text)
    ferror                                   0x00001ac1   Thumb Code     8  ferror.o(.text)
    setvbuf                                  0x00001ac9   Thumb Code    70  setvbuf.o(.text)
    freopen                                  0x00001b11   Thumb Code   160  fopen.o(.text)
    fopen                                    0x00001bb1   Thumb Code    74  fopen.o(.text)
    _fclose_internal                         0x00001c01   Thumb Code    76  fclose.o(.text)
    fclose                                   0x00001c01   Thumb Code     0  fclose.o(.text)
    _c16rtomb                                0x00001c4d   Thumb Code    72  _c16rtomb.o(.text)
    _wcrtomb                                 0x00001c4d   Thumb Code     0  _c16rtomb.o(.text)
    __sig_exit                               0x00001c95   Thumb Code    10  defsig_exit.o(.text)
    __rt_SIGABRT_inner                       0x00001ca1   Thumb Code    14  defsig_abrt_inner.o(.text)
    __rt_SIGRTRED                            0x00001cd1   Thumb Code    14  defsig_rtred_outer.o(.text)
    __rt_SIGRTMEM                            0x00001cdf   Thumb Code    14  defsig_rtmem_outer.o(.text)
    _sys_open                                0x00001ced   Thumb Code    20  sys_io.o(.text)
    _sys_close                               0x00001d01   Thumb Code    12  sys_io.o(.text)
    _sys_write                               0x00001d0d   Thumb Code    16  sys_io.o(.text)
    _sys_read                                0x00001d1d   Thumb Code    14  sys_io.o(.text)
    _sys_istty                               0x00001d2b   Thumb Code    12  sys_io.o(.text)
    _sys_seek                                0x00001d37   Thumb Code    14  sys_io.o(.text)
    _sys_ensure                              0x00001d45   Thumb Code     2  sys_io.o(.text)
    _sys_flen                                0x00001d47   Thumb Code    12  sys_io.o(.text)
    __rt_ctype_table                         0x00001d55   Thumb Code    16  rt_ctype_table.o(.text)
    __rt_locale                              0x00001d65   Thumb Code     8  rt_locale_intlibspace.o(.text)
    _printf_fp_infnan                        0x00001d6d   Thumb Code   112  _printf_fp_infnan.o(.text)
    _btod_etento                             0x00001ded   Thumb Code   224  bigflt0.o(.text)
    __flsbuf                                 0x00001ed1   Thumb Code   482  flsbuf.o(.text)
    __flsbuf_byte                            0x00001ed1   Thumb Code     0  flsbuf.o(.text)
    __flsbuf_wide                            0x00001ed1   Thumb Code     0  flsbuf.o(.text)
    _fseek                                   0x000020b5   Thumb Code   242  fseek.o(.text)
    fseek                                    0x000020b5   Thumb Code     0  fseek.o(.text)
    _seterr                                  0x000021ad   Thumb Code    20  stdio.o(.text)
    _writebuf                                0x000021c1   Thumb Code   108  stdio.o(.text)
    _fflush                                  0x0000222d   Thumb Code    70  stdio.o(.text)
    _deferredlazyseek                        0x00002273   Thumb Code    60  stdio.o(.text)
    __default_signal_display                 0x000022b5   Thumb Code    50  defsig_general.o(.text)
    __rt_SIGRTRED_inner                      0x000022e9   Thumb Code    14  defsig_rtred_inner.o(.text)
    __rt_SIGRTMEM_inner                      0x0000231d   Thumb Code    22  defsig_rtmem_inner.o(.text)
    _ftell_internal                          0x0000236d   Thumb Code    66  ftell.o(.text)
    ftell                                    0x0000236d   Thumb Code     0  ftell.o(.text)
    __assert_puts                            0x000023b1   Thumb Code    18  assert_stdio.o(.text)
    strlen                                   0x000023c9   Thumb Code    62  strlen.o(.text)
    _do_fflush                               0x00002409   Thumb Code    54  fflush.o(.text)
    fflush                                   0x0000243f   Thumb Code    42  fflush.o(.text)
    fputs                                    0x0000246d   Thumb Code    34  fputs.o(.text)
    Glorot_init                              0x00002491   Thumb Code   156  nn.o(.text.Glorot_init)
    GradFn_sum                               0x00002c8d   Thumb Code    56  operator.o(.text.GradFn_sum)
    Model_forward                            0x00002cc5   Thumb Code   520  main.o(.text.Model_forward)
    SystemInit                               0x00002ecd   Thumb Code    38  system_armcm3.o(.text.SystemInit)
    TensorShape_dim                          0x00002ef5   Thumb Code    58  basic.o(.text.TensorShape_dim)
    TensorShape_numel                        0x00002f31   Thumb Code    66  basic.o(.text.TensorShape_numel)
    TensorShape_tostring                     0x00002f75   Thumb Code    64  basic.o(.text.TensorShape_tostring)
    Tensor_add                               0x00002fb5   Thumb Code   422  operator.o(.text.Tensor_add)
    Tensor_argmax                            0x0000315d   Thumb Code   190  operator.o(.text.Tensor_argmax)
    Tensor_backward                          0x0000321d   Thumb Code  1506  basic.o(.text.Tensor_backward)
    Tensor_detach                            0x00003801   Thumb Code    76  basic.o(.text.Tensor_detach)
    Tensor_matmul                            0x0000384d   Thumb Code   576  operator.o(.text.Tensor_matmul)
    Tensor_mul                               0x00003a8d   Thumb Code   422  operator.o(.text.Tensor_mul)
    Tensor_new                               0x00003c35   Thumb Code   204  basic.o(.text.Tensor_new)
    Tensor_normalize_dataset                 0x00003d01   Thumb Code   498  utils.o(.text.Tensor_normalize_dataset)
    Tensor_ones                              0x00003ef5   Thumb Code    76  basic.o(.text.Tensor_ones)
    Tensor_reduce_dim                        0x00003f41   Thumb Code   598  utils.o(.text.Tensor_reduce_dim)
    Tensor_shuffle_dataset                   0x00004199   Thumb Code   268  utils.o(.text.Tensor_shuffle_dataset)
    Tensor_sum_dim                           0x000042a5   Thumb Code   166  utils.o(.text.Tensor_sum_dim)
    Tensor_transpose                         0x0000434d   Thumb Code   244  basic.o(.text.Tensor_transpose)
    Tensor_unsqueeze                         0x00004441   Thumb Code   264  utils.o(.text.Tensor_unsqueeze)
    Tensor_zeros                             0x00004549   Thumb Code    44  basic.o(.text.Tensor_zeros)
    _cten_malloc                             0x00004575   Thumb Code   184  pool.o(.text._cten_malloc)
    _cten_zero_grad                          0x0000462d   Thumb Code   146  basic.o(.text._cten_zero_grad)
    c11_vector__clear                        0x000046c1   Thumb Code    14  vector.o(.text.c11_vector__clear)
    c11_vector__ctor                         0x000046d1   Thumb Code    30  vector.o(.text.c11_vector__ctor)
    c11_vector__dtor                         0x000046f1   Thumb Code    42  vector.o(.text.c11_vector__dtor)
    c11_vector__reserve                      0x0000471d   Thumb Code    98  vector.o(.text.c11_vector__reserve)
    c11_vector__swap                         0x00004781   Thumb Code    82  vector.o(.text.c11_vector__swap)
    cten_assert                              0x000047d5   Thumb Code    76  utils.o(.text.cten_assert)
    cten_assert_shape                        0x00004821   Thumb Code    96  utils.o(.text.cten_assert_shape)
    cten_begin_eval                          0x00004881   Thumb Code    16  context.o(.text.cten_begin_eval)
    cten_begin_malloc                        0x00004891   Thumb Code    80  pool.o(.text.cten_begin_malloc)
    cten_elemwise_broadcast                  0x000048e1   Thumb Code   970  utils.o(.text.cten_elemwise_broadcast)
    cten_end_eval                            0x00004cad   Thumb Code    16  context.o(.text.cten_end_eval)
    cten_end_malloc                          0x00004cbd   Thumb Code    58  pool.o(.text.cten_end_malloc)
    cten_finalize                            0x00004cf9   Thumb Code   138  pool.o(.text.cten_finalize)
    cten_free                                0x00004d85   Thumb Code   162  pool.o(.text.cten_free)
    cten_initilize                           0x00004e29   Thumb Code    46  pool.o(.text.cten_initilize)
    cten_is_eval                             0x00004e59   Thumb Code    20  context.o(.text.cten_is_eval)
    load_iris_dataset                        0x00004e6d   Thumb Code    36  iris_dataset.o(.text.load_iris_dataset)
    main                                     0x00004e91   Thumb Code  1688  main.o(.text.main)
    nn_crossentropy                          0x00005529   Thumb Code   648  nn.o(.text.nn_crossentropy)
    nn_linear                                0x000057b1   Thumb Code   328  nn.o(.text.nn_linear)
    nn_relu                                  0x000058f9   Thumb Code   240  nn.o(.text.nn_relu)
    nn_softmax                               0x000059e9   Thumb Code   666  nn.o(.text.nn_softmax)
    nn_softmax_crossentropy                  0x00005c85   Thumb Code   432  nn.o(.text.nn_softmax_crossentropy)
    optim_sgd_config                         0x00005e35   Thumb Code   208  sgd.o(.text.optim_sgd_config)
    optim_sgd_new                            0x00005f05   Thumb Code   112  sgd.o(.text.optim_sgd_new)
    optim_sgd_step                           0x00005f75   Thumb Code   472  sgd.o(.text.optim_sgd_step)
    optim_sgd_zerograd                       0x0000614d   Thumb Code    20  sgd.o(.text.optim_sgd_zerograd)
    reduce_gradient_for_broadcasting         0x00006161   Thumb Code   768  utils.o(.text.reduce_gradient_for_broadcasting)
    _btod_d2e                                0x00006461   Thumb Code    62  btod.o(CL$$btod_d2e)
    _d2e_denorm_low                          0x0000649f   Thumb Code    70  btod.o(CL$$btod_d2e_denorm_low)
    _d2e_norm_op1                            0x000064e5   Thumb Code    96  btod.o(CL$$btod_d2e_norm_op1)
    __btod_div_common                        0x00006545   Thumb Code   696  btod.o(CL$$btod_div_common)
    _e2e                                     0x0000687d   Thumb Code   220  btod.o(CL$$btod_e2e)
    _btod_ediv                               0x00006959   Thumb Code    42  btod.o(CL$$btod_ediv)
    _btod_emul                               0x00006983   Thumb Code    42  btod.o(CL$$btod_emul)
    __btod_mult_common                       0x000069ad   Thumb Code   580  btod.o(CL$$btod_mult_common)
    __ARM_fpclassify                         0x00006bf1   Thumb Code    40  fpclassify.o(i.__ARM_fpclassify)
    __ARM_fpclassifyf                        0x00006c19   Thumb Code    38  fpclassifyf.o(i.__ARM_fpclassifyf)
    __mathlib_flt_divzero                    0x00006c3f   Thumb Code    10  funder.o(i.__mathlib_flt_divzero)
    __mathlib_flt_infnan                     0x00006c49   Thumb Code     6  funder.o(i.__mathlib_flt_infnan)
    __mathlib_flt_invalid                    0x00006c4f   Thumb Code     8  funder.o(i.__mathlib_flt_invalid)
    __mathlib_flt_overflow                   0x00006c57   Thumb Code    10  funder.o(i.__mathlib_flt_overflow)
    __mathlib_flt_underflow                  0x00006c61   Thumb Code    10  funder.o(i.__mathlib_flt_underflow)
    _is_digit                                0x00006c6b   Thumb Code    14  __printf_wp.o(i._is_digit)
    __mathlib_expf                           0x00006c79   Thumb Code     0  expf.o(i.expf)
    expf                                     0x00006c79   Thumb Code   326  expf.o(i.expf)
    fputc                                    0x00006ded   Thumb Code    28  fputc.o(i.fputc)
    __mathlib_logf                           0x00006e09   Thumb Code     0  logf.o(i.logf)
    logf                                     0x00006e09   Thumb Code   362  logf.o(i.logf)
    sqrtf                                    0x00006f99   Thumb Code    44  sqrtf.o(i.sqrtf)
    _get_lc_numeric                          0x00006fc5   Thumb Code    44  lc_numeric_c.o(locale$$code)
    _get_lc_ctype                            0x00006ff1   Thumb Code    44  lc_ctype_c.o(locale$$code)
    __aeabi_d2iz                             0x0000701d   Thumb Code     0  dfix.o(x$fpl$dfix)
    _dfix                                    0x0000701d   Thumb Code    94  dfix.o(x$fpl$dfix)
    __aeabi_i2d                              0x0000707b   Thumb Code     0  dflt_clz.o(x$fpl$dflt)
    _dflt                                    0x0000707b   Thumb Code    46  dflt_clz.o(x$fpl$dflt)
    __aeabi_dmul                             0x000070a9   Thumb Code     0  dmul.o(x$fpl$dmul)
    _dmul                                    0x000070a9   Thumb Code   332  dmul.o(x$fpl$dmul)
    __fpl_dnaninf                            0x000071fd   Thumb Code   156  dnaninf.o(x$fpl$dnaninf)
    __fpl_dretinf                            0x00007299   Thumb Code    12  dretinf.o(x$fpl$dretinf)
    __aeabi_f2d                              0x000072a5   Thumb Code     0  f2d.o(x$fpl$f2d)
    _f2d                                     0x000072a5   Thumb Code    86  f2d.o(x$fpl$f2d)
    __aeabi_fadd                             0x000072fd   Thumb Code     0  faddsub_clz.o(x$fpl$fadd)
    _fadd                                    0x000072fd   Thumb Code   196  faddsub_clz.o(x$fpl$fadd)
    __fpl_fcheck_NaN1                        0x000073c1   Thumb Code     6  fcheck1.o(x$fpl$fcheck1)
    __aeabi_fcmpeq                           0x000073cd   Thumb Code     0  fcmp.o(x$fpl$fcmp)
    _feq                                     0x000073cd   Thumb Code    14  fcmp.o(x$fpl$fcmp)
    _fneq                                    0x000073db   Thumb Code    14  fcmp.o(x$fpl$fcmp)
    __aeabi_fcmpgt                           0x000073e9   Thumb Code     0  fcmp.o(x$fpl$fcmp)
    _fgr                                     0x000073e9   Thumb Code    14  fcmp.o(x$fpl$fcmp)
    __aeabi_fcmpge                           0x000073f7   Thumb Code     0  fcmp.o(x$fpl$fcmp)
    _fgeq                                    0x000073f7   Thumb Code    14  fcmp.o(x$fpl$fcmp)
    __aeabi_fcmple                           0x00007405   Thumb Code     0  fcmp.o(x$fpl$fcmp)
    _fleq                                    0x00007405   Thumb Code    14  fcmp.o(x$fpl$fcmp)
    __aeabi_fcmplt                           0x00007413   Thumb Code     0  fcmp.o(x$fpl$fcmp)
    _fls                                     0x00007413   Thumb Code    14  fcmp.o(x$fpl$fcmp)
    __fpl_fcmp_Inf                           0x00007421   Thumb Code    24  fcmpi.o(x$fpl$fcmpinf)
    __aeabi_fdiv                             0x00007439   Thumb Code     0  fdiv.o(x$fpl$fdiv)
    _fdiv                                    0x00007439   Thumb Code   384  fdiv.o(x$fpl$fdiv)
    __aeabi_cfcmpeq                          0x000075bd   Thumb Code     0  feqf.o(x$fpl$feqf)
    _fcmpeq                                  0x000075bd   Thumb Code   104  feqf.o(x$fpl$feqf)
    __aeabi_f2iz                             0x00007625   Thumb Code     0  ffix.o(x$fpl$ffix)
    _ffix                                    0x00007625   Thumb Code    54  ffix.o(x$fpl$ffix)
    __aeabi_i2f                              0x0000765d   Thumb Code     0  fflt_clz.o(x$fpl$fflt)
    _fflt                                    0x0000765d   Thumb Code    48  fflt_clz.o(x$fpl$fflt)
    _fcmpge                                  0x0000768d   Thumb Code   104  fgeqf.o(x$fpl$fgeqf)
    __aeabi_cfcmple                          0x000076f5   Thumb Code     0  fleqf.o(x$fpl$fleqf)
    _fcmple                                  0x000076f5   Thumb Code   104  fleqf.o(x$fpl$fleqf)
    __fpl_fcmple_InfNaN                      0x00007747   Thumb Code     0  fleqf.o(x$fpl$fleqf)
    __aeabi_fmul                             0x0000775d   Thumb Code     0  fmul.o(x$fpl$fmul)
    _fmul                                    0x0000775d   Thumb Code   258  fmul.o(x$fpl$fmul)
    __fpl_fnaninf                            0x0000785f   Thumb Code   140  fnaninf.o(x$fpl$fnaninf)
    __fpl_fretinf                            0x000078eb   Thumb Code    10  fretinf.o(x$fpl$fretinf)
    _frnd                                    0x000078f5   Thumb Code    96  frnd.o(x$fpl$frnd)
    __aeabi_frsub                            0x00007955   Thumb Code     0  faddsub_clz.o(x$fpl$frsb)
    _frsb                                    0x00007955   Thumb Code    20  faddsub_clz.o(x$fpl$frsb)
    _fsqrt                                   0x00007969   Thumb Code   272  fsqrt.o(x$fpl$fsqrt)
    __aeabi_fsub                             0x00007a79   Thumb Code     0  faddsub_clz.o(x$fpl$fsub)
    _fsub                                    0x00007a79   Thumb Code   234  faddsub_clz.o(x$fpl$fsub)
    _printf_fp_dec                           0x00007b63   Thumb Code     4  printf1.o(x$fpl$printf1)
    _printf_fp_hex                           0x00007b67   Thumb Code     4  printf2.o(x$fpl$printf2)
    __fpl_return_NaN                         0x00007b6b   Thumb Code   100  retnan.o(x$fpl$retnan)
    __ARM_scalbnf                            0x00007bcf   Thumb Code    76  scalbnf.o(x$fpl$scalbnf)
    __fpl_cmpreturn                          0x00007c1b   Thumb Code    48  trapv.o(x$fpl$trapveneer)
    __I$use$fp                               0x00007c4a   Number         0  usenofp.o(x$fpl$usenofp)
    __stdin_name                             0x00007cfd   Data           4  sys_io_names.o(.constdata)
    __stdout_name                            0x00007d01   Data           4  sys_io_names.o(.constdata)
    __stderr_name                            0x00007d05   Data           4  sys_io_names.o(.constdata)
    Region$$Table$$Base                      0x00009040   Number         0  anon$$obj.o(Region$$Table)
    Region$$Table$$Limit                     0x00009060   Number         0  anon$$obj.o(Region$$Table)
    __ctype                                  0x00009089   Data           0  lc_ctype_c.o(locale$$data)
    __aeabi_stdin                            0x20000000   Data           4  stdio_streams.o(.data)
    __aeabi_stdout                           0x20000004   Data           4  stdio_streams.o(.data)
    __aeabi_stderr                           0x20000008   Data           4  stdio_streams.o(.data)
    SystemCoreClock                          0x2000000c   Data           4  system_armcm3.o(.data.SystemCoreClock)
    __stdin                                  0x20000010   Data          84  stdio_streams.o(.bss)
    __stdout                                 0x20000064   Data          84  stdio_streams.o(.bss)
    __stderr                                 0x200000b8   Data          84  stdio_streams.o(.bss)
    _random_number_data                      0x2000010c   Data         228  rand.o(.bss)
    __libspace_start                         0x200001f0   Data          96  libspace.o(.bss)
    __temporary_stack_top$libspace           0x20000250   Data           0  libspace.o(.bss)
    __heap_base                              0x20000288   Data           0  startup_armcm3.o(HEAP)
    __heap_limit                             0x20010188   Data           0  startup_armcm3.o(HEAP)
    __stack_limit                            0x20010188   Data           0  startup_armcm3.o(STACK)
    __initial_sp                             0x20010588   Data           0  startup_armcm3.o(STACK)



==============================================================================

Memory Map of the image

  Image Entry point : 0x000003c1

  Load Region LR_IROM1 (Base: 0x00000000, Size: 0x000091a0, Max: 0x00040000, ABSOLUTE)

    Execution Region ER_IROM1 (Exec base: 0x00000000, Load base: 0x00000000, Size: 0x0000918c, Max: 0x00040000, ABSOLUTE)

    Exec Addr    Load Addr    Size         Type   Attr      Idx    E Section Name        Object

    0x00000000   0x00000000   0x000003c0   Data   RO          385    RESET               startup_armcm3.o
    0x000003c0   0x000003c0   0x00000008   Code   RO          515  * !!!main             c_w.l(__main.o)
    0x000003c8   0x000003c8   0x0000005c   Code   RO         1102    !!!scatter          c_w.l(__scatter.o)
    0x00000424   0x00000424   0x0000001a   Code   RO         1106    !!handler_copy      c_w.l(__scatter_copy.o)
    0x0000043e   0x0000043e   0x00000002   PAD
    0x00000440   0x00000440   0x00000002   Code   RO         1103    !!handler_null      c_w.l(__scatter.o)
    0x00000442   0x00000442   0x00000002   PAD
    0x00000444   0x00000444   0x0000001c   Code   RO         1108    !!handler_zi        c_w.l(__scatter_zi.o)
    0x00000460   0x00000460   0x00000000   Code   RO          710    .ARM.Collect$$_printf_percent$$00000000  c_w.l(_printf_percent.o)
    0x00000460   0x00000460   0x00000006   Code   RO          699    .ARM.Collect$$_printf_percent$$00000001  c_w.l(_printf_n.o)
    0x00000466   0x00000466   0x00000006   Code   RO          701    .ARM.Collect$$_printf_percent$$00000002  c_w.l(_printf_p.o)
    0x0000046c   0x0000046c   0x00000006   Code   RO          706    .ARM.Collect$$_printf_percent$$00000003  c_w.l(_printf_f.o)
    0x00000472   0x00000472   0x00000006   Code   RO          707    .ARM.Collect$$_printf_percent$$00000004  c_w.l(_printf_e.o)
    0x00000478   0x00000478   0x00000006   Code   RO          708    .ARM.Collect$$_printf_percent$$00000005  c_w.l(_printf_g.o)
    0x0000047e   0x0000047e   0x00000006   Code   RO          709    .ARM.Collect$$_printf_percent$$00000006  c_w.l(_printf_a.o)
    0x00000484   0x00000484   0x0000000a   Code   RO          714    .ARM.Collect$$_printf_percent$$00000007  c_w.l(_printf_ll.o)
    0x0000048e   0x0000048e   0x00000006   Code   RO          703    .ARM.Collect$$_printf_percent$$00000008  c_w.l(_printf_i.o)
    0x00000494   0x00000494   0x00000006   Code   RO          704    .ARM.Collect$$_printf_percent$$00000009  c_w.l(_printf_d.o)
    0x0000049a   0x0000049a   0x00000006   Code   RO          705    .ARM.Collect$$_printf_percent$$0000000A  c_w.l(_printf_u.o)
    0x000004a0   0x000004a0   0x00000006   Code   RO          702    .ARM.Collect$$_printf_percent$$0000000B  c_w.l(_printf_o.o)
    0x000004a6   0x000004a6   0x00000006   Code   RO          700    .ARM.Collect$$_printf_percent$$0000000C  c_w.l(_printf_x.o)
    0x000004ac   0x000004ac   0x00000006   Code   RO          711    .ARM.Collect$$_printf_percent$$0000000D  c_w.l(_printf_lli.o)
    0x000004b2   0x000004b2   0x00000006   Code   RO          712    .ARM.Collect$$_printf_percent$$0000000E  c_w.l(_printf_lld.o)
    0x000004b8   0x000004b8   0x00000006   Code   RO          713    .ARM.Collect$$_printf_percent$$0000000F  c_w.l(_printf_llu.o)
    0x000004be   0x000004be   0x00000006   Code   RO          718    .ARM.Collect$$_printf_percent$$00000010  c_w.l(_printf_llo.o)
    0x000004c4   0x000004c4   0x00000006   Code   RO          719    .ARM.Collect$$_printf_percent$$00000011  c_w.l(_printf_llx.o)
    0x000004ca   0x000004ca   0x0000000a   Code   RO          715    .ARM.Collect$$_printf_percent$$00000012  c_w.l(_printf_l.o)
    0x000004d4   0x000004d4   0x00000006   Code   RO          697    .ARM.Collect$$_printf_percent$$00000013  c_w.l(_printf_c.o)
    0x000004da   0x000004da   0x00000006   Code   RO          698    .ARM.Collect$$_printf_percent$$00000014  c_w.l(_printf_s.o)
    0x000004e0   0x000004e0   0x00000006   Code   RO          716    .ARM.Collect$$_printf_percent$$00000015  c_w.l(_printf_lc.o)
    0x000004e6   0x000004e6   0x00000006   Code   RO          717    .ARM.Collect$$_printf_percent$$00000016  c_w.l(_printf_ls.o)
    0x000004ec   0x000004ec   0x00000004   Code   RO          902    .ARM.Collect$$_printf_percent$$00000017  c_w.l(_printf_percent_end.o)
    0x000004f0   0x000004f0   0x00000002   Code   RO         1037    .ARM.Collect$$libinit$$00000000  c_w.l(libinit.o)
    0x000004f2   0x000004f2   0x00000000   Code   RO          733    .ARM.Collect$$libinit$$00000002  c_w.l(libinit2.o)
    0x000004f2   0x000004f2   0x00000000   Code   RO          735    .ARM.Collect$$libinit$$00000004  c_w.l(libinit2.o)
    0x000004f2   0x000004f2   0x00000000   Code   RO          737    .ARM.Collect$$libinit$$00000006  c_w.l(libinit2.o)
    0x000004f2   0x000004f2   0x00000008   Code   RO         1072    .ARM.Collect$$libinit$$00000008  c_w.l(libinit3.o)
    0x000004fa   0x000004fa   0x00000000   Code   RO          740    .ARM.Collect$$libinit$$0000000C  c_w.l(libinit2.o)
    0x000004fa   0x000004fa   0x00000000   Code   RO          742    .ARM.Collect$$libinit$$0000000E  c_w.l(libinit2.o)
    0x000004fa   0x000004fa   0x00000004   Code   RO          743    .ARM.Collect$$libinit$$0000000F  c_w.l(libinit2.o)
    0x000004fe   0x000004fe   0x00000000   Code   RO          744    .ARM.Collect$$libinit$$00000010  c_w.l(libinit2.o)
    0x000004fe   0x000004fe   0x00000006   Code   RO          745    .ARM.Collect$$libinit$$00000011  c_w.l(libinit2.o)
    0x00000504   0x00000504   0x00000000   Code   RO          747    .ARM.Collect$$libinit$$00000013  c_w.l(libinit2.o)
    0x00000504   0x00000504   0x0000000c   Code   RO          748    .ARM.Collect$$libinit$$00000014  c_w.l(libinit2.o)
    0x00000510   0x00000510   0x00000000   Code   RO          749    .ARM.Collect$$libinit$$00000015  c_w.l(libinit2.o)
    0x00000510   0x00000510   0x00000000   Code   RO          751    .ARM.Collect$$libinit$$00000017  c_w.l(libinit2.o)
    0x00000510   0x00000510   0x0000000a   Code   RO          752    .ARM.Collect$$libinit$$00000018  c_w.l(libinit2.o)
    0x0000051a   0x0000051a   0x00000000   Code   RO          753    .ARM.Collect$$libinit$$00000019  c_w.l(libinit2.o)
    0x0000051a   0x0000051a   0x00000000   Code   RO          755    .ARM.Collect$$libinit$$0000001B  c_w.l(libinit2.o)
    0x0000051a   0x0000051a   0x00000000   Code   RO          757    .ARM.Collect$$libinit$$0000001D  c_w.l(libinit2.o)
    0x0000051a   0x0000051a   0x00000000   Code   RO          759    .ARM.Collect$$libinit$$0000001F  c_w.l(libinit2.o)
    0x0000051a   0x0000051a   0x00000000   Code   RO          761    .ARM.Collect$$libinit$$00000021  c_w.l(libinit2.o)
    0x0000051a   0x0000051a   0x00000000   Code   RO          763    .ARM.Collect$$libinit$$00000023  c_w.l(libinit2.o)
    0x0000051a   0x0000051a   0x00000000   Code   RO          765    .ARM.Collect$$libinit$$00000025  c_w.l(libinit2.o)
    0x0000051a   0x0000051a   0x00000004   Code   RO          766    .ARM.Collect$$libinit$$00000026  c_w.l(libinit2.o)
    0x0000051e   0x0000051e   0x00000000   Code   RO          767    .ARM.Collect$$libinit$$00000027  c_w.l(libinit2.o)
    0x0000051e   0x0000051e   0x00000000   Code   RO          771    .ARM.Collect$$libinit$$0000002E  c_w.l(libinit2.o)
    0x0000051e   0x0000051e   0x00000000   Code   RO          773    .ARM.Collect$$libinit$$00000030  c_w.l(libinit2.o)
    0x0000051e   0x0000051e   0x00000000   Code   RO          775    .ARM.Collect$$libinit$$00000032  c_w.l(libinit2.o)
    0x0000051e   0x0000051e   0x00000000   Code   RO          777    .ARM.Collect$$libinit$$00000034  c_w.l(libinit2.o)
    0x0000051e   0x0000051e   0x00000002   Code   RO          778    .ARM.Collect$$libinit$$00000035  c_w.l(libinit2.o)
    0x00000520   0x00000520   0x00000008   Code   RO         1073    .ARM.Collect$$libinit$$00002719  c_w.l(libinit3.o)
    0x00000528   0x00000528   0x00000002   Code   RO         1038    .ARM.Collect$$libshutdown$$00000000  c_w.l(libshutdown.o)
    0x0000052a   0x0000052a   0x00000000   Code   RO          944    .ARM.Collect$$libshutdown$$00000002  c_w.l(libshutdown2.o)
    0x0000052a   0x0000052a   0x00000004   Code   RO          945    .ARM.Collect$$libshutdown$$00000003  c_w.l(libshutdown2.o)
    0x0000052e   0x0000052e   0x00000000   Code   RO          946    .ARM.Collect$$libshutdown$$00000004  c_w.l(libshutdown2.o)
    0x0000052e   0x0000052e   0x00000000   Code   RO          949    .ARM.Collect$$libshutdown$$00000007  c_w.l(libshutdown2.o)
    0x0000052e   0x0000052e   0x00000000   Code   RO          952    .ARM.Collect$$libshutdown$$0000000A  c_w.l(libshutdown2.o)
    0x0000052e   0x0000052e   0x00000000   Code   RO          954    .ARM.Collect$$libshutdown$$0000000C  c_w.l(libshutdown2.o)
    0x0000052e   0x0000052e   0x00000000   Code   RO          957    .ARM.Collect$$libshutdown$$0000000F  c_w.l(libshutdown2.o)
    0x0000052e   0x0000052e   0x00000002   Code   RO          958    .ARM.Collect$$libshutdown$$00000010  c_w.l(libshutdown2.o)
    0x00000530   0x00000530   0x00000000   Code   RO          599    .ARM.Collect$$rtentry$$00000000  c_w.l(__rtentry.o)
    0x00000530   0x00000530   0x00000000   Code   RO          844    .ARM.Collect$$rtentry$$00000002  c_w.l(__rtentry2.o)
    0x00000530   0x00000530   0x00000004   Code   RO          858    .ARM.Collect$$rtentry$$00000005  c_w.l(__rtentry5.o)
    0x00000534   0x00000534   0x00000000   Code   RO          846    .ARM.Collect$$rtentry$$00000009  c_w.l(__rtentry2.o)
    0x00000534   0x00000534   0x00000004   Code   RO          847    .ARM.Collect$$rtentry$$0000000A  c_w.l(__rtentry2.o)
    0x00000538   0x00000538   0x00000000   Code   RO          849    .ARM.Collect$$rtentry$$0000000C  c_w.l(__rtentry2.o)
    0x00000538   0x00000538   0x00000008   Code   RO          850    .ARM.Collect$$rtentry$$0000000D  c_w.l(__rtentry2.o)
    0x00000540   0x00000540   0x00000004   Code   RO          859    .ARM.Collect$$rtentry$$00002716  c_w.l(__rtentry5.o)
    0x00000544   0x00000544   0x00000002   Code   RO          600    .ARM.Collect$$rtexit$$00000000  c_w.l(rtexit.o)
    0x00000546   0x00000546   0x00000000   Code   RO          864    .ARM.Collect$$rtexit$$00000002  c_w.l(rtexit2.o)
    0x00000546   0x00000546   0x00000004   Code   RO          865    .ARM.Collect$$rtexit$$00000003  c_w.l(rtexit2.o)
    0x0000054a   0x0000054a   0x00000006   Code   RO          866    .ARM.Collect$$rtexit$$00000004  c_w.l(rtexit2.o)
    0x00000550   0x00000550   0x00000034   Code   RO          492    .emb_text           c_w.l(rand.o)
    0x00000584   0x00000584   0x00000038   Code   RO          386    .text               startup_armcm3.o
    0x000005bc   0x000005bc   0x00000012   Code   RO          406    .text               c_w.l(sys_time.o)
    0x000005ce   0x000005ce   0x0000005e   Code   RO          416    .text               c_w.l(h1_alloc.o)
    0x0000062c   0x0000062c   0x0000004e   Code   RO          418    .text               c_w.l(h1_free.o)
    0x0000067a   0x0000067a   0x000000c4   Code   RO          420    .text               c_w.l(h1_realloc.o)
    0x0000073e   0x0000073e   0x00000002   PAD
    0x00000740   0x00000740   0x00000018   Code   RO          478    .text               c_w.l(printf.o)
    0x00000758   0x00000758   0x00000014   Code   RO          480    .text               c_w.l(fprintf.o)
    0x0000076c   0x0000076c   0x0000000a   Code   RO          482    .text               c_w.l(vfprintf.o)
    0x00000776   0x00000776   0x00000002   PAD
    0x00000778   0x00000778   0x00000040   Code   RO          484    .text               c_w.l(snprintf.o)
    0x000007b8   0x000007b8   0x0000003c   Code   RO          493    .text               c_w.l(rand.o)
    0x000007f4   0x000007f4   0x00000012   Code   RO          497    .text               c_w.l(exit.o)
    0x00000806   0x00000806   0x00000016   Code   RO          499    .text               c_w.l(abort.o)
    0x0000081c   0x0000081c   0x00000080   Code   RO          501    .text               c_w.l(assert.o)
    0x0000089c   0x0000089c   0x00000058   Code   RO          503    .text               c_w.l(memcmp.o)
    0x000008f4   0x000008f4   0x00000064   Code   RO          507    .text               c_w.l(rt_memcpy_w.o)
    0x00000958   0x00000958   0x0000004e   Code   RO          509    .text               c_w.l(rt_memclr_w.o)
    0x000009a6   0x000009a6   0x00000002   PAD
    0x000009a8   0x000009a8   0x00000080   Code   RO          511    .text               c_w.l(strcmpv7m.o)
    0x00000a28   0x00000a28   0x00000006   Code   RO          513    .text               c_w.l(heapauxi.o)
    0x00000a2e   0x00000a2e   0x00000002   PAD
    0x00000a30   0x00000a30   0x0000000c   Code   RO          590    .text               c_w.l(sys_exit.o)
    0x00000a3c   0x00000a3c   0x00000002   Code   RO          594    .text               c_w.l(use_no_semi.o)
    0x00000a3e   0x00000a3e   0x00000000   Code   RO          598    .text               c_w.l(indicate_semi.o)
    0x00000a3e   0x00000a3e   0x00000002   PAD
    0x00000a40   0x00000a40   0x00000008   Code   RO          605    .text               c_w.l(rt_heap_descriptor_intlibspace.o)
    0x00000a48   0x00000a48   0x00000004   Code   RO          607    .text               c_w.l(hguard.o)
    0x00000a4c   0x00000a4c   0x0000008a   Code   RO          609    .text               c_w.l(init_alloc.o)
    0x00000ad6   0x00000ad6   0x0000000c   Code   RO          613    .text               c_w.l(h1_init.o)
    0x00000ae2   0x00000ae2   0x00000016   Code   RO          625    .text               c_w.l(_rserrno.o)
    0x00000af8   0x00000af8   0x0000004e   Code   RO          629    .text               c_w.l(_printf_pad.o)
    0x00000b46   0x00000b46   0x00000024   Code   RO          631    .text               c_w.l(_printf_truncate.o)
    0x00000b6a   0x00000b6a   0x00000052   Code   RO          633    .text               c_w.l(_printf_str.o)
    0x00000bbc   0x00000bbc   0x00000078   Code   RO          635    .text               c_w.l(_printf_dec.o)
    0x00000c34   0x00000c34   0x00000028   Code   RO          637    .text               c_w.l(_printf_charcount.o)
    0x00000c5c   0x00000c5c   0x00000030   Code   RO          639    .text               c_w.l(_printf_char_common.o)
    0x00000c8c   0x00000c8c   0x00000010   Code   RO          641    .text               c_w.l(_snputc.o)
    0x00000c9c   0x00000c9c   0x00000024   Code   RO          643    .text               c_w.l(_printf_char_file.o)
    0x00000cc0   0x00000cc0   0x000000bc   Code   RO          645    .text               c_w.l(_printf_wctomb.o)
    0x00000d7c   0x00000d7c   0x0000007c   Code   RO          648    .text               c_w.l(_printf_longlong_dec.o)
    0x00000df8   0x00000df8   0x00000070   Code   RO          654    .text               c_w.l(_printf_oct_int_ll.o)
    0x00000e68   0x00000e68   0x00000094   Code   RO          674    .text               c_w.l(_printf_hex_int_ll_ptr.o)
    0x00000efc   0x00000efc   0x00000188   Code   RO          694    .text               c_w.l(__printf_flags_ss_wp.o)
    0x00001084   0x00001084   0x00000138   Code   RO          720    .text               c_w.l(initio.o)
    0x000011bc   0x000011bc   0x0000000e   Code   RO          724    .text               c_w.l(defsig_abrt_outer.o)
    0x000011ca   0x000011ca   0x0000000e   Code   RO          829    .text               c_w.l(sys_wrch.o)
    0x000011d8   0x000011d8   0x00000008   Code   RO          875    .text               c_w.l(rt_errno_addr_intlibspace.o)
    0x000011e0   0x000011e0   0x00000000   Code   RO          879    .text               c_w.l(maybetermalloc1.o)
    0x000011e0   0x000011e0   0x00000034   Code   RO          881    .text               c_w.l(h1_extend.o)
    0x00001214   0x00001214   0x0000008a   Code   RO          885    .text               c_w.l(lludiv10.o)
    0x0000129e   0x0000129e   0x000000b2   Code   RO          887    .text               c_w.l(_printf_intcommon.o)
    0x00001350   0x00001350   0x0000041c   Code   RO          889    .text               c_w.l(_printf_fp_dec.o)
    0x0000176c   0x0000176c   0x000002fc   Code   RO          893    .text               c_w.l(_printf_fp_hex.o)
    0x00001a68   0x00001a68   0x0000002c   Code   RO          898    .text               c_w.l(_printf_char.o)
    0x00001a94   0x00001a94   0x0000002c   Code   RO          900    .text               c_w.l(_printf_wchar.o)
    0x00001ac0   0x00001ac0   0x00000008   Code   RO          903    .text               c_w.l(ferror.o)
    0x00001ac8   0x00001ac8   0x00000046   Code   RO          909    .text               c_w.l(setvbuf.o)
    0x00001b0e   0x00001b0e   0x00000002   PAD
    0x00001b10   0x00001b10   0x000000f0   Code   RO          912    .text               c_w.l(fopen.o)
    0x00001c00   0x00001c00   0x0000004c   Code   RO          914    .text               c_w.l(fclose.o)
    0x00001c4c   0x00001c4c   0x00000048   Code   RO          924    .text               c_w.l(_c16rtomb.o)
    0x00001c94   0x00001c94   0x0000000a   Code   RO          926    .text               c_w.l(defsig_exit.o)
    0x00001c9e   0x00001c9e   0x00000002   PAD
    0x00001ca0   0x00001ca0   0x00000030   Code   RO          928    .text               c_w.l(defsig_abrt_inner.o)
    0x00001cd0   0x00001cd0   0x0000000e   Code   RO          930    .text               c_w.l(defsig_rtred_outer.o)
    0x00001cde   0x00001cde   0x0000000e   Code   RO          934    .text               c_w.l(defsig_rtmem_outer.o)
    0x00001cec   0x00001cec   0x00000066   Code   RO          965    .text               c_w.l(sys_io.o)
    0x00001d52   0x00001d52   0x00000002   PAD
    0x00001d54   0x00001d54   0x00000010   Code   RO          971    .text               c_w.l(rt_ctype_table.o)
    0x00001d64   0x00001d64   0x00000008   Code   RO          976    .text               c_w.l(rt_locale_intlibspace.o)
    0x00001d6c   0x00001d6c   0x00000080   Code   RO          980    .text               c_w.l(_printf_fp_infnan.o)
    0x00001dec   0x00001dec   0x000000e4   Code   RO          982    .text               c_w.l(bigflt0.o)
    0x00001ed0   0x00001ed0   0x000001e2   Code   RO         1009    .text               c_w.l(flsbuf.o)
    0x000020b2   0x000020b2   0x00000002   PAD
    0x000020b4   0x000020b4   0x000000f8   Code   RO         1011    .text               c_w.l(fseek.o)
    0x000021ac   0x000021ac   0x00000108   Code   RO         1013    .text               c_w.l(stdio.o)
    0x000022b4   0x000022b4   0x00000032   Code   RO         1020    .text               c_w.l(defsig_general.o)
    0x000022e6   0x000022e6   0x00000002   PAD
    0x000022e8   0x000022e8   0x00000034   Code   RO         1022    .text               c_w.l(defsig_rtred_inner.o)
    0x0000231c   0x0000231c   0x00000050   Code   RO         1024    .text               c_w.l(defsig_rtmem_inner.o)
    0x0000236c   0x0000236c   0x00000042   Code   RO         1057    .text               c_w.l(ftell.o)
    0x000023ae   0x000023ae   0x00000002   PAD
    0x000023b0   0x000023b0   0x00000018   Code   RO         1068    .text               c_w.l(assert_stdio.o)
    0x000023c8   0x000023c8   0x0000003e   Code   RO         1070    .text               c_w.l(strlen.o)
    0x00002406   0x00002406   0x00000002   PAD
    0x00002408   0x00002408   0x00000064   Code   RO         1080    .text               c_w.l(fflush.o)
    0x0000246c   0x0000246c   0x00000022   Code   RO         1082    .text               c_w.l(fputs.o)
    0x0000248e   0x0000248e   0x00000002   PAD
    0x00002490   0x00002490   0x0000009c   Code   RO          119    .text.Glorot_init   nn.o
    0x0000252c   0x0000252c   0x00000058   Code   RO          158    .text.GradFn_add    operator.o
    0x00002584   0x00002584   0x0000015e   Code   RO          127    .text.GradFn_crossentropy  nn.o
    0x000026e2   0x000026e2   0x00000002   PAD
    0x000026e4   0x000026e4   0x00000084   Code   RO          178    .text.GradFn_matmul  operator.o
    0x00002768   0x00002768   0x0000005e   Code   RO          162    .text.GradFn_mul    operator.o
    0x000027c6   0x000027c6   0x00000002   PAD
    0x000027c8   0x000027c8   0x0000009e   Code   RO           81    .text.GradFn_relu   nn.o
    0x00002866   0x00002866   0x00000002   PAD
    0x00002868   0x00002868   0x000001c2   Code   RO          123    .text.GradFn_softmax  nn.o
    0x00002a2a   0x00002a2a   0x00000002   PAD
    0x00002a2c   0x00002a2c   0x0000025e   Code   RO          131    .text.GradFn_softmax_crossentropy  nn.o
    0x00002c8a   0x00002c8a   0x00000002   PAD
    0x00002c8c   0x00002c8c   0x00000038   Code   RO          172    .text.GradFn_sum    operator.o
    0x00002cc4   0x00002cc4   0x00000208   Code   RO            2    .text.Model_forward  main.o
    0x00002ecc   0x00002ecc   0x00000026   Code   RO          395    .text.SystemInit    system_armcm3.o
    0x00002ef2   0x00002ef2   0x00000002   PAD
    0x00002ef4   0x00002ef4   0x0000003a   Code   RO           16    .text.TensorShape_dim  basic.o
    0x00002f2e   0x00002f2e   0x00000002   PAD
    0x00002f30   0x00002f30   0x00000042   Code   RO           14    .text.TensorShape_numel  basic.o
    0x00002f72   0x00002f72   0x00000002   PAD
    0x00002f74   0x00002f74   0x00000040   Code   RO           20    .text.TensorShape_tostring  basic.o
    0x00002fb4   0x00002fb4   0x000001a6   Code   RO          156    .text.Tensor_add    operator.o
    0x0000315a   0x0000315a   0x00000002   PAD
    0x0000315c   0x0000315c   0x000000be   Code   RO          166    .text.Tensor_argmax  operator.o
    0x0000321a   0x0000321a   0x00000002   PAD
    0x0000321c   0x0000321c   0x000005e2   Code   RO           36    .text.Tensor_backward  basic.o
    0x000037fe   0x000037fe   0x00000002   PAD
    0x00003800   0x00003800   0x0000004c   Code   RO           34    .text.Tensor_detach  basic.o
    0x0000384c   0x0000384c   0x00000240   Code   RO          176    .text.Tensor_matmul  operator.o
    0x00003a8c   0x00003a8c   0x000001a6   Code   RO          160    .text.Tensor_mul    operator.o
    0x00003c32   0x00003c32   0x00000002   PAD
    0x00003c34   0x00003c34   0x000000cc   Code   RO           22    .text.Tensor_new    basic.o
    0x00003d00   0x00003d00   0x000001f2   Code   RO          274    .text.Tensor_normalize_dataset  utils.o
    0x00003ef2   0x00003ef2   0x00000002   PAD
    0x00003ef4   0x00003ef4   0x0000004c   Code   RO           26    .text.Tensor_ones   basic.o
    0x00003f40   0x00003f40   0x00000256   Code   RO          250    .text.Tensor_reduce_dim  utils.o
    0x00004196   0x00004196   0x00000002   PAD
    0x00004198   0x00004198   0x0000010c   Code   RO          276    .text.Tensor_shuffle_dataset  utils.o
    0x000042a4   0x000042a4   0x000000a6   Code   RO          254    .text.Tensor_sum_dim  utils.o
    0x0000434a   0x0000434a   0x00000002   PAD
    0x0000434c   0x0000434c   0x000000f4   Code   RO           28    .text.Tensor_transpose  basic.o
    0x00004440   0x00004440   0x00000108   Code   RO          278    .text.Tensor_unsqueeze  utils.o
    0x00004548   0x00004548   0x0000002c   Code   RO           24    .text.Tensor_zeros  basic.o
    0x00004574   0x00004574   0x000000b8   Code   RO          233    .text._cten_malloc  pool.o
    0x0000462c   0x0000462c   0x00000092   Code   RO           42    .text._cten_zero_grad  basic.o
    0x000046be   0x000046be   0x00000002   PAD
    0x000046c0   0x000046c0   0x0000000e   Code   RO          365    .text.c11_vector__clear  vector.o
    0x000046ce   0x000046ce   0x00000002   PAD
    0x000046d0   0x000046d0   0x0000001e   Code   RO          357    .text.c11_vector__ctor  vector.o
    0x000046ee   0x000046ee   0x00000002   PAD
    0x000046f0   0x000046f0   0x0000002a   Code   RO          359    .text.c11_vector__dtor  vector.o
    0x0000471a   0x0000471a   0x00000002   PAD
    0x0000471c   0x0000471c   0x00000062   Code   RO          363    .text.c11_vector__reserve  vector.o
    0x0000477e   0x0000477e   0x00000002   PAD
    0x00004780   0x00004780   0x00000052   Code   RO          373    .text.c11_vector__swap  vector.o
    0x000047d2   0x000047d2   0x00000002   PAD
    0x000047d4   0x000047d4   0x0000004c   Code   RO          258    .text.cten_assert   utils.o
    0x00004820   0x00004820   0x00000060   Code   RO          266    .text.cten_assert_shape  utils.o
    0x00004880   0x00004880   0x00000010   Code   RO           53    .text.cten_begin_eval  context.o
    0x00004890   0x00004890   0x00000050   Code   RO          227    .text.cten_begin_malloc  pool.o
    0x000048e0   0x000048e0   0x000003ca   Code   RO          270    .text.cten_elemwise_broadcast  utils.o
    0x00004caa   0x00004caa   0x00000002   PAD
    0x00004cac   0x00004cac   0x00000010   Code   RO           57    .text.cten_end_eval  context.o
    0x00004cbc   0x00004cbc   0x0000003a   Code   RO          229    .text.cten_end_malloc  pool.o
    0x00004cf6   0x00004cf6   0x00000002   PAD
    0x00004cf8   0x00004cf8   0x0000008a   Code   RO          225    .text.cten_finalize  pool.o
    0x00004d82   0x00004d82   0x00000002   PAD
    0x00004d84   0x00004d84   0x000000a2   Code   RO          231    .text.cten_free     pool.o
    0x00004e26   0x00004e26   0x00000002   PAD
    0x00004e28   0x00004e28   0x0000002e   Code   RO          223    .text.cten_initilize  pool.o
    0x00004e56   0x00004e56   0x00000002   PAD
    0x00004e58   0x00004e58   0x00000014   Code   RO           55    .text.cten_is_eval  context.o
    0x00004e6c   0x00004e6c   0x00000024   Code   RO           67    .text.load_iris_dataset  iris_dataset.o
    0x00004e90   0x00004e90   0x00000698   Code   RO            4    .text.main          main.o
    0x00005528   0x00005528   0x00000288   Code   RO          125    .text.nn_crossentropy  nn.o
    0x000057b0   0x000057b0   0x00000148   Code   RO           77    .text.nn_linear     nn.o
    0x000058f8   0x000058f8   0x000000f0   Code   RO           79    .text.nn_relu       nn.o
    0x000059e8   0x000059e8   0x0000029a   Code   RO          121    .text.nn_softmax    nn.o
    0x00005c82   0x00005c82   0x00000002   PAD
    0x00005c84   0x00005c84   0x000001b0   Code   RO          129    .text.nn_softmax_crossentropy  nn.o
    0x00005e34   0x00005e34   0x000000d0   Code   RO          343    .text.optim_sgd_config  sgd.o
    0x00005f04   0x00005f04   0x00000070   Code   RO          341    .text.optim_sgd_new  sgd.o
    0x00005f74   0x00005f74   0x000001d8   Code   RO          347    .text.optim_sgd_step  sgd.o
    0x0000614c   0x0000614c   0x00000014   Code   RO          345    .text.optim_sgd_zerograd  sgd.o
    0x00006160   0x00006160   0x00000300   Code   RO          272    .text.reduce_gradient_for_broadcasting  utils.o
    0x00006460   0x00006460   0x0000003e   Code   RO          985    CL$$btod_d2e        c_w.l(btod.o)
    0x0000649e   0x0000649e   0x00000046   Code   RO          987    CL$$btod_d2e_denorm_low  c_w.l(btod.o)
    0x000064e4   0x000064e4   0x00000060   Code   RO          986    CL$$btod_d2e_norm_op1  c_w.l(btod.o)
    0x00006544   0x00006544   0x00000338   Code   RO          995    CL$$btod_div_common  c_w.l(btod.o)
    0x0000687c   0x0000687c   0x000000dc   Code   RO          992    CL$$btod_e2e        c_w.l(btod.o)
    0x00006958   0x00006958   0x0000002a   Code   RO          989    CL$$btod_ediv       c_w.l(btod.o)
    0x00006982   0x00006982   0x0000002a   Code   RO          988    CL$$btod_emul       c_w.l(btod.o)
    0x000069ac   0x000069ac   0x00000244   Code   RO          994    CL$$btod_mult_common  c_w.l(btod.o)
    0x00006bf0   0x00006bf0   0x00000028   Code   RO         1043    i.__ARM_fpclassify  m_ws.l(fpclassify.o)
    0x00006c18   0x00006c18   0x00000026   Code   RO          810    i.__ARM_fpclassifyf  m_ws.l(fpclassifyf.o)
    0x00006c3e   0x00006c3e   0x0000000a   Code   RO          812    i.__mathlib_flt_divzero  m_ws.l(funder.o)
    0x00006c48   0x00006c48   0x00000006   Code   RO          813    i.__mathlib_flt_infnan  m_ws.l(funder.o)
    0x00006c4e   0x00006c4e   0x00000008   Code   RO          815    i.__mathlib_flt_invalid  m_ws.l(funder.o)
    0x00006c56   0x00006c56   0x0000000a   Code   RO          816    i.__mathlib_flt_overflow  m_ws.l(funder.o)
    0x00006c60   0x00006c60   0x0000000a   Code   RO          818    i.__mathlib_flt_underflow  m_ws.l(funder.o)
    0x00006c6a   0x00006c6a   0x0000000e   Code   RO          687    i._is_digit         c_w.l(__printf_wp.o)
    0x00006c78   0x00006c78   0x00000174   Code   RO          560    i.expf              m_ws.l(expf.o)
    0x00006dec   0x00006dec   0x0000001c   Code   RO          906    i.fputc             c_w.l(fputc.o)
    0x00006e08   0x00006e08   0x00000190   Code   RO          565    i.logf              m_ws.l(logf.o)
    0x00006f98   0x00006f98   0x0000002c   Code   RO          579    i.sqrtf             m_ws.l(sqrtf.o)
    0x00006fc4   0x00006fc4   0x0000002c   Code   RO         1016    locale$$code        c_w.l(lc_numeric_c.o)
    0x00006ff0   0x00006ff0   0x0000002c   Code   RO         1064    locale$$code        c_w.l(lc_ctype_c.o)
    0x0000701c   0x0000701c   0x0000005e   Code   RO          517    x$fpl$dfix          fz_ws.l(dfix.o)
    0x0000707a   0x0000707a   0x0000002e   Code   RO          522    x$fpl$dflt          fz_ws.l(dflt_clz.o)
    0x000070a8   0x000070a8   0x00000154   Code   RO          527    x$fpl$dmul          fz_ws.l(dmul.o)
    0x000071fc   0x000071fc   0x0000009c   Code   RO          779    x$fpl$dnaninf       fz_ws.l(dnaninf.o)
    0x00007298   0x00007298   0x0000000c   Code   RO          781    x$fpl$dretinf       fz_ws.l(dretinf.o)
    0x000072a4   0x000072a4   0x00000056   Code   RO          529    x$fpl$f2d           fz_ws.l(f2d.o)
    0x000072fa   0x000072fa   0x00000002   PAD
    0x000072fc   0x000072fc   0x000000c4   Code   RO          531    x$fpl$fadd          fz_ws.l(faddsub_clz.o)
    0x000073c0   0x000073c0   0x0000000c   Code   RO          959    x$fpl$fcheck1       fz_ws.l(fcheck1.o)
    0x000073cc   0x000073cc   0x00000054   Code   RO          537    x$fpl$fcmp          fz_ws.l(fcmp.o)
    0x00007420   0x00007420   0x00000018   Code   RO          961    x$fpl$fcmpinf       fz_ws.l(fcmpi.o)
    0x00007438   0x00007438   0x00000184   Code   RO          540    x$fpl$fdiv          fz_ws.l(fdiv.o)
    0x000075bc   0x000075bc   0x00000068   Code   RO          783    x$fpl$feqf          fz_ws.l(feqf.o)
    0x00007624   0x00007624   0x00000036   Code   RO          543    x$fpl$ffix          fz_ws.l(ffix.o)
    0x0000765a   0x0000765a   0x00000002   PAD
    0x0000765c   0x0000765c   0x00000030   Code   RO          548    x$fpl$fflt          fz_ws.l(fflt_clz.o)
    0x0000768c   0x0000768c   0x00000068   Code   RO          785    x$fpl$fgeqf         fz_ws.l(fgeqf.o)
    0x000076f4   0x000076f4   0x00000068   Code   RO          787    x$fpl$fleqf         fz_ws.l(fleqf.o)
    0x0000775c   0x0000775c   0x00000102   Code   RO          553    x$fpl$fmul          fz_ws.l(fmul.o)
    0x0000785e   0x0000785e   0x0000008c   Code   RO          789    x$fpl$fnaninf       fz_ws.l(fnaninf.o)
    0x000078ea   0x000078ea   0x0000000a   Code   RO          791    x$fpl$fretinf       fz_ws.l(fretinf.o)
    0x000078f4   0x000078f4   0x00000060   Code   RO          793    x$fpl$frnd          fz_ws.l(frnd.o)
    0x00007954   0x00007954   0x00000014   Code   RO          532    x$fpl$frsb          fz_ws.l(faddsub_clz.o)
    0x00007968   0x00007968   0x00000110   Code   RO          795    x$fpl$fsqrt         fz_ws.l(fsqrt.o)
    0x00007a78   0x00007a78   0x000000ea   Code   RO          533    x$fpl$fsub          fz_ws.l(faddsub_clz.o)
    0x00007b62   0x00007b62   0x00000004   Code   RO          799    x$fpl$printf1       fz_ws.l(printf1.o)
    0x00007b66   0x00007b66   0x00000004   Code   RO          801    x$fpl$printf2       fz_ws.l(printf2.o)
    0x00007b6a   0x00007b6a   0x00000064   Code   RO         1041    x$fpl$retnan        fz_ws.l(retnan.o)
    0x00007bce   0x00007bce   0x0000004c   Code   RO          807    x$fpl$scalbnf       fz_ws.l(scalbnf.o)
    0x00007c1a   0x00007c1a   0x00000030   Code   RO         1076    x$fpl$trapveneer    fz_ws.l(trapv.o)
    0x00007c4a   0x00007c4a   0x00000000   Code   RO          809    x$fpl$usenofp       fz_ws.l(usenofp.o)
    0x00007c4a   0x00007c4a   0x00000002   PAD
    0x00007c4c   0x00007c4c   0x00000030   Data   RO          561    .constdata          m_ws.l(expf.o)
    0x00007c7c   0x00007c7c   0x00000040   Data   RO          566    .constdata          m_ws.l(logf.o)
    0x00007cbc   0x00007cbc   0x00000008   Data   RO          646    .constdata          c_w.l(_printf_wctomb.o)
    0x00007cc4   0x00007cc4   0x00000028   Data   RO          675    .constdata          c_w.l(_printf_hex_int_ll_ptr.o)
    0x00007cec   0x00007cec   0x00000011   Data   RO          695    .constdata          c_w.l(__printf_flags_ss_wp.o)
    0x00007cfd   0x00007cfd   0x00000004   Data   RO          833    .constdata          c_w.l(sys_io_names.o)
    0x00007d01   0x00007d01   0x00000004   Data   RO          834    .constdata          c_w.l(sys_io_names.o)
    0x00007d05   0x00007d05   0x00000004   Data   RO          835    .constdata          c_w.l(sys_io_names.o)
    0x00007d09   0x00007d09   0x00000026   Data   RO          894    .constdata          c_w.l(_printf_fp_hex.o)
    0x00007d2f   0x00007d2f   0x00000001   PAD
    0x00007d30   0x00007d30   0x00000094   Data   RO          983    .constdata          c_w.l(bigflt0.o)
    0x00007dc4   0x00007dc4   0x00000960   Data   RO           69    .rodata.load_iris_dataset.const_X  iris_dataset.o
    0x00008724   0x00008724   0x00000258   Data   RO           70    .rodata.load_iris_dataset.const_y  iris_dataset.o
    0x0000897c   0x0000897c   0x000001e2   Data   RO           44    .rodata.str1.1      basic.o
    0x00008b5e   0x00008b5e   0x0000010f   Data   RO          145    .rodata.str1.1      nn.o
    0x00008c6d   0x00008c6d   0x000001a3   Data   RO          214    .rodata.str1.1      operator.o
    0x00008e10   0x00008e10   0x00000070   Data   RO          236    .rodata.str1.1      pool.o
    0x00008e80   0x00008e80   0x000000d2   Data   RO          290    .rodata.str1.1      utils.o
    0x00008f52   0x00008f52   0x000000c5   Data   RO          349    .rodata.str1.1      sgd.o
    0x00009017   0x00009017   0x00000027   Data   RO          375    .rodata.str1.1      vector.o
    0x0000903e   0x0000903e   0x00000002   PAD
    0x00009040   0x00009040   0x00000020   Data   RO         1101    Region$$Table       anon$$obj.o
    0x00009060   0x00009060   0x0000001c   Data   RO         1015    locale$$data        c_w.l(lc_numeric_c.o)
    0x0000907c   0x0000907c   0x00000110   Data   RO         1063    locale$$data        c_w.l(lc_ctype_c.o)


    Execution Region RW_IRAM1 (Exec base: 0x20000000, Load base: 0x00009190, Size: 0x00010588, Max: 0x0fffffff, ABSOLUTE)

    Exec Addr    Load Addr    Size         Type   Attr      Idx    E Section Name        Object

    0x20000000   0x00009190   0x00000004   Data   RW          489    .data               c_w.l(stdio_streams.o)
    0x20000004   0x00009194   0x00000004   Data   RW          490    .data               c_w.l(stdio_streams.o)
    0x20000008   0x00009198   0x00000004   Data   RW          491    .data               c_w.l(stdio_streams.o)
    0x2000000c   0x0000919c   0x00000004   Data   RW          397    .data.SystemCoreClock  system_armcm3.o
    0x20000010        -       0x00000054   Zero   RW          486    .bss                c_w.l(stdio_streams.o)
    0x20000064        -       0x00000054   Zero   RW          487    .bss                c_w.l(stdio_streams.o)
    0x200000b8        -       0x00000054   Zero   RW          488    .bss                c_w.l(stdio_streams.o)
    0x2000010c        -       0x000000e4   Zero   RW          494    .bss                c_w.l(rand.o)
    0x200001f0        -       0x00000060   Zero   RW          841    .bss                c_w.l(libspace.o)
    0x20000250        -       0x00000004   Zero   RW           59    .bss._eval_depth    context.o
    0x20000254        -       0x00000030   Zero   RW          235    .bss.g_allocator    pool.o
    0x20000284   0x000091a0   0x00000004   PAD
    0x20000288        -       0x0000ff00   Zero   RW          384    HEAP                startup_armcm3.o
    0x20010188        -       0x00000400   Zero   RW          383    STACK               startup_armcm3.o


==============================================================================

Image component sizes


      Code (inc. data)   RO Data    RW Data    ZI Data      Debug   Object Name

      2484          0        482          0          0       6476   basic.o
        52          0          0          0          4        598   context.o
        36          0       3000          0          0        653   iris_dataset.o
      2208          0          0          0          0       3222   main.o
      4034          0        271          0          0      17344   nn.o
      1980          0        419          0          0      14463   operator.o
       668          0        112          0         48       2165   pool.o
       812          0        197          0          0       2647   sgd.o
        56         10        960          0      66304       1180   startup_armcm3.o
        38          0          0          4          0       1342   system_armcm3.o
      3704          0        210          0          0      15441   utils.o
       266          0         39          0          0       2471   vector.o

    ----------------------------------------------------------------------
     16392         10       5724          4      66360      68002   Object Totals
         0          0         32          0          0          0   (incl. Generated)
        54          0          2          0          4          0   (incl. Padding)

    ----------------------------------------------------------------------

      Code (inc. data)   RO Data    RW Data    ZI Data      Debug   Library Member Name

         8          0          0          0          0         68   __main.o
       392          4         17          0          0         92   __printf_flags_ss_wp.o
        14          0          0          0          0         68   __printf_wp.o
         0          0          0          0          0          0   __rtentry.o
        12          0          0          0          0          0   __rtentry2.o
         8          4          0          0          0          0   __rtentry5.o
        94          8          0          0          0          0   __scatter.o
        26          0          0          0          0          0   __scatter_copy.o
        28          0          0          0          0          0   __scatter_zi.o
        72          0          0          0          0         96   _c16rtomb.o
         6          0          0          0          0          0   _printf_a.o
         6          0          0          0          0          0   _printf_c.o
        44          0          0          0          0        108   _printf_char.o
        48          6          0          0          0         96   _printf_char_common.o
        36          4          0          0          0         80   _printf_char_file.o
        40          0          0          0          0         68   _printf_charcount.o
         6          0          0          0          0          0   _printf_d.o
       120         16          0          0          0         92   _printf_dec.o
         6          0          0          0          0          0   _printf_e.o
         6          0          0          0          0          0   _printf_f.o
      1052          0          0          0          0        148   _printf_fp_dec.o
       764          8         38          0          0        100   _printf_fp_hex.o
       128         16          0          0          0         84   _printf_fp_infnan.o
         6          0          0          0          0          0   _printf_g.o
       148          4         40          0          0        160   _printf_hex_int_ll_ptr.o
         6          0          0          0          0          0   _printf_i.o
       178          0          0          0          0         88   _printf_intcommon.o
        10          0          0          0          0          0   _printf_l.o
         6          0          0          0          0          0   _printf_lc.o
        10          0          0          0          0          0   _printf_ll.o
         6          0          0          0          0          0   _printf_lld.o
         6          0          0          0          0          0   _printf_lli.o
         6          0          0          0          0          0   _printf_llo.o
         6          0          0          0          0          0   _printf_llu.o
         6          0          0          0          0          0   _printf_llx.o
       124         16          0          0          0         92   _printf_longlong_dec.o
         6          0          0          0          0          0   _printf_ls.o
         6          0          0          0          0          0   _printf_n.o
         6          0          0          0          0          0   _printf_o.o
       112          8          0          0          0        124   _printf_oct_int_ll.o
         6          0          0          0          0          0   _printf_p.o
        78          0          0          0          0        108   _printf_pad.o
         0          0          0          0          0          0   _printf_percent.o
         4          0          0          0          0          0   _printf_percent_end.o
         6          0          0          0          0          0   _printf_s.o
        82          0          0          0          0         80   _printf_str.o
        36          0          0          0          0         84   _printf_truncate.o
         6          0          0          0          0          0   _printf_u.o
        44          0          0          0          0        108   _printf_wchar.o
       188          6          8          0          0         92   _printf_wctomb.o
         6          0          0          0          0          0   _printf_x.o
        22          0          0          0          0        100   _rserrno.o
        16          0          0          0          0         68   _snputc.o
        22          0          0          0          0         80   abort.o
       128         42          0          0          0         76   assert.o
        24          6          0          0          0         80   assert_stdio.o
       228          4        148          0          0         96   bigflt0.o
      1936        128          0          0          0        668   btod.o
        48         34          0          0          0         76   defsig_abrt_inner.o
        14          0          0          0          0         80   defsig_abrt_outer.o
        10          0          0          0          0         68   defsig_exit.o
        50          0          0          0          0         88   defsig_general.o
        80         58          0          0          0         76   defsig_rtmem_inner.o
        14          0          0          0          0         80   defsig_rtmem_outer.o
        52         38          0          0          0         76   defsig_rtred_inner.o
        14          0          0          0          0         80   defsig_rtred_outer.o
        18          0          0          0          0         80   exit.o
        76          0          0          0          0         88   fclose.o
         8          0          0          0          0         68   ferror.o
       100          4          0          0          0        120   fflush.o
       482          0          0          0          0         92   flsbuf.o
       240          6          0          0          0        128   fopen.o
        20          0          0          0          0         84   fprintf.o
        28          0          0          0          0         68   fputc.o
        34          0          0          0          0         80   fputs.o
       248          6          0          0          0         84   fseek.o
        66          0          0          0          0         76   ftell.o
        94          0          0          0          0         80   h1_alloc.o
        52          0          0          0          0         68   h1_extend.o
        78          0          0          0          0         80   h1_free.o
        12          0          0          0          0         84   h1_init.o
       196          0          0          0          0         92   h1_realloc.o
         6          0          0          0          0        152   heapauxi.o
         4          0          0          0          0        136   hguard.o
         0          0          0          0          0          0   indicate_semi.o
       138          0          0          0          0        168   init_alloc.o
       312         46          0          0          0        112   initio.o
        44         10        272          0          0         76   lc_ctype_c.o
        44         10         28          0          0         76   lc_numeric_c.o
         2          0          0          0          0          0   libinit.o
        38          0          0          0          0          0   libinit2.o
        16          8          0          0          0          0   libinit3.o
         2          0          0          0          0          0   libshutdown.o
         6          0          0          0          0          0   libshutdown2.o
         0          0          0          0         96          0   libspace.o
       138          0          0          0          0         80   lludiv10.o
         0          0          0          0          0          0   maybetermalloc1.o
        88          0          0          0          0         76   memcmp.o
        24          4          0          0          0         84   printf.o
       112         18          0          0        228        160   rand.o
        16          4          0          0          0         76   rt_ctype_table.o
         8          4          0          0          0         68   rt_errno_addr_intlibspace.o
         8          4          0          0          0         68   rt_heap_descriptor_intlibspace.o
         8          4          0          0          0         68   rt_locale_intlibspace.o
        78          0          0          0          0         80   rt_memclr_w.o
       100          0          0          0          0         80   rt_memcpy_w.o
         2          0          0          0          0          0   rtexit.o
        10          0          0          0          0          0   rtexit2.o
        70          0          0          0          0         80   setvbuf.o
        64          6          0          0          0         84   snprintf.o
       264          6          0          0          0        160   stdio.o
         0          0          0         12        252          0   stdio_streams.o
       128          0          0          0          0         68   strcmpv7m.o
        62          0          0          0          0         76   strlen.o
        12          4          0          0          0         68   sys_exit.o
       102          0          0          0          0        240   sys_io.o
         0          0         12          0          0          0   sys_io_names.o
        18          0          0          0          0         76   sys_time.o
        14          0          0          0          0         76   sys_wrch.o
         2          0          0          0          0         68   use_no_semi.o
        10          0          0          0          0         68   vfprintf.o
        94          4          0          0          0         92   dfix.o
        46          0          0          0          0         68   dflt_clz.o
       340         12          0          0          0        104   dmul.o
       156          4          0          0          0         92   dnaninf.o
        12          0          0          0          0         68   dretinf.o
        86          4          0          0          0         84   f2d.o
       450          8          0          0          0        236   faddsub_clz.o
        12          4          0          0          0         68   fcheck1.o
        84          0          0          0          0        196   fcmp.o
        24          0          0          0          0         68   fcmpi.o
       388         76          0          0          0         96   fdiv.o
       104          4          0          0          0         84   feqf.o
        54          4          0          0          0         84   ffix.o
        48          0          0          0          0         68   fflt_clz.o
       104          4          0          0          0         84   fgeqf.o
       104          4          0          0          0         84   fleqf.o
       258          4          0          0          0         84   fmul.o
       140          4          0          0          0         84   fnaninf.o
        10          0          0          0          0         68   fretinf.o
        96          4          0          0          0         76   frnd.o
       272        100          0          0          0         88   fsqrt.o
         4          0          0          0          0         68   printf1.o
         4          0          0          0          0         68   printf2.o
       100          0          0          0          0         68   retnan.o
        76          0          0          0          0         68   scalbnf.o
        48          0          0          0          0         68   trapv.o
         0          0          0          0          0          0   usenofp.o
       372         46         48          0          0        168   expf.o
        40          0          0          0          0         68   fpclassify.o
        38          0          0          0          0         68   fpclassifyf.o
        44          0          0          0          0        340   funder.o
       400         38         64          0          0        132   logf.o
        44          0          0          0          0         80   sqrtf.o

    ----------------------------------------------------------------------
     14468        878        676         12        576      10996   Library Totals
        36          0          1          0          0          0   (incl. Padding)

    ----------------------------------------------------------------------

      Code (inc. data)   RO Data    RW Data    ZI Data      Debug   Library Name

     10380        554        563         12        576       7824   c_w.l
      3114        240          0          0          0       2316   fz_ws.l
       938         84        112          0          0        856   m_ws.l

    ----------------------------------------------------------------------
     14468        878        676         12        576      10996   Library Totals

    ----------------------------------------------------------------------

==============================================================================


      Code (inc. data)   RO Data    RW Data    ZI Data      Debug   

     30860        888       6400         16      66936      72570   Grand Totals
     30860        888       6400         16      66936      72570   ELF Image Totals
     30860        888       6400         16          0          0   ROM Totals

==============================================================================

    Total RO  Size (Code + RO Data)                37260 (  36.39kB)
    Total RW  Size (RW Data + ZI Data)             66952 (  65.38kB)
    Total ROM Size (Code + RO Data + RW Data)      37276 (  36.40kB)

==============================================================================

